Fri Aug 23 08:46:01 CDT 2019
Mem:          64157        1100       62895           9         161       60751
Swap:        255870           1      255869
node 0 free: 62895 MB
slabtop: terminal setting retrieval: Inappropriate ioctl for device
 Active / Total Size (% used)       : 78856.00K / 90315.20K (87.3%)
123704 123704 100%    0.07K   2209       56      8836K Acpi-Operand           
 15260  15124  99%    0.57K    545       28      8720K inode_cache            
forks/sec 14
Area                           Used      Cache   Noncache 
firmware/hardware                 0          0          0 
kernel image                      0          0          0 
kernel dynamic memory        353.6M      32.9M     320.7M 
userspace memory             722.4M      65.8M     656.6M 
free memory                   61.6G      61.6G          0 
----------------------------------------------
Fri Aug 23 08:46:07 CDT 2019
Mem:          64157       15676       48318           9         162       46176
Swap:        255870           0      255870
node 0 free: 48298 MB
slabtop: terminal setting retrieval: Inappropriate ioctl for device
 Active / Total Size (% used)       : 79579.44K / 89607.12K (88.8%)
123704 123704 100%    0.07K   2209       56      8836K Acpi-Operand           
 15260  15124  99%    0.57K    545       28      8720K inode_cache            
forks/sec 14
Area                           Used      Cache   Noncache 
firmware/hardware                 0          0          0 
kernel image                      0          0          0 
kernel dynamic memory        580.9M      32.5M     548.4M 
userspace memory              15.3G      65.5M      15.2G 
free memory                   46.8G      46.8G          0 
----------------------------------------------
Fri Aug 23 08:46:12 CDT 2019
Mem:          64157       50350       13644           9         162       11502
Swap:        255870           0      255870
node 0 free: 13644 MB
slabtop: terminal setting retrieval: Inappropriate ioctl for device
 Active / Total Size (% used)       : 79592.03K / 89650.27K (88.8%)
123704 123704 100%    0.07K   2209       56      8836K Acpi-Operand           
 15260  15124  99%    0.57K    545       28      8720K inode_cache            
forks/sec 6
Area                           Used      Cache   Noncache 
firmware/hardware                 0          0          0 
kernel image                      0          0          0 
kernel dynamic memory        646.4M      32.5M     613.9M 
userspace memory              48.7G      65.6M      48.6G 
free memory                   13.3G      13.3G          0 
----------------------------------------------
Fri Aug 23 08:46:17 CDT 2019
Mem:          64157       50393       13579           9         184       11447
Swap:        255870           0      255870
node 0 free: 13578 MB
slabtop: terminal setting retrieval: Inappropriate ioctl for device
 Active / Total Size (% used)       : 100418.40K / 108496.77K (92.6%)
 16492  16492 100%    1.03K    532       31     17024K nfs_inode_cache        
123704 123704 100%    0.07K   2209       56      8836K Acpi-Operand           
forks/sec 13
Area                           Used      Cache   Noncache 
firmware/hardware                 0          0          0 
kernel image                      0          0          0 
kernel dynamic memory        672.6M      55.2M     617.4M 
userspace memory              48.7G      66.1M      48.7G 
free memory                   13.3G      13.3G          0 
----------------------------------------------
Fri Aug 23 08:46:22 CDT 2019
Mem:          64157       50393       13469           9         293       11392
Swap:        255870           0      255870
node 0 free: 13469 MB
slabtop: terminal setting retrieval: Inappropriate ioctl for device
 Active / Total Size (% used)       : 208431.59K / 216492.12K (96.3%)
104718 104718 100%    1.03K   3378       31    108096K nfs_inode_cache        
123480 123480 100%    0.19K   5880       21     23520K dentry                 
forks/sec 5
Area                           Used      Cache   Noncache 
firmware/hardware                 0          0          0 
kernel image                      0          0          0 
kernel dynamic memory        782.3M     164.7M     617.6M 
userspace memory              48.7G      65.4M      48.7G 
free memory                   13.1G      13.1G          0 
----------------------------------------------
Fri Aug 23 08:46:27 CDT 2019
Mem:          64157       50392       13362           9         401       11338
Swap:        255870           0      255870
node 0 free: 13361 MB
slabtop: terminal setting retrieval: Inappropriate ioctl for device
 Active / Total Size (% used)       : 314832.95K / 322960.57K (97.5%)
191487 191487 100%    1.03K   6177       31    197664K nfs_inode_cache        
210336 210336 100%    0.19K  10016       21     40064K dentry                 
forks/sec 9
Area                           Used      Cache   Noncache 
firmware/hardware                 0          0          0 
kernel image                      0          0          0 
kernel dynamic memory        890.3M     271.2M     619.1M 
userspace memory              48.7G      65.4M      48.7G 
free memory                   13.0G      13.0G          0 
----------------------------------------------
Fri Aug 23 08:46:32 CDT 2019
Mem:          64157       50393       13253           9         510       11283
Swap:        255870           0      255870
node 0 free: 13252 MB
slabtop: terminal setting retrieval: Inappropriate ioctl for device
 Active / Total Size (% used)       : 422867.40K / 430937.35K (98.1%)
279527 279527 100%    1.03K   9017       31    288544K nfs_inode_cache        
298431 298431 100%    0.19K  14211       21     56844K dentry                 
forks/sec 5
Area                           Used      Cache   Noncache 
firmware/hardware                 0          0          0 
kernel image                      0          0          0 
kernel dynamic memory        998.9M     379.2M     619.8M 
userspace memory              48.7G      66.0M      48.7G 
free memory                   12.9G      12.9G          0 
----------------------------------------------
Fri Aug 23 08:46:37 CDT 2019
Mem:          64157       50393       13143           9         620       11228
Swap:        255870           0      255870
node 0 free: 13143 MB
slabtop: terminal setting retrieval: Inappropriate ioctl for device
 Active / Total Size (% used)       : 531557.10K / 539664.13K (98.5%)
368187 368187 100%    1.03K  11877       31    380064K nfs_inode_cache        
387114 387114 100%    0.19K  18434       21     73736K dentry                 
forks/sec 9
Area                           Used      Cache   Noncache 
firmware/hardware                 0          0          0 
kernel image                      0          0          0 
kernel dynamic memory          1.1G     488.0M     620.5M 
userspace memory              48.7G      66.0M      48.7G 
free memory                   12.8G      12.8G          0 
----------------------------------------------
Fri Aug 23 08:46:43 CDT 2019
Mem:          64157       50392       13034           9         730       11173
Swap:        255870           0      255870
node 0 free: 13034 MB
slabtop: terminal setting retrieval: Inappropriate ioctl for device
 Active / Total Size (% used)       : 640234.85K / 648075.23K (98.8%)
456599 456599 100%    1.03K  14729       31    471328K nfs_inode_cache        
475461 475461 100%    0.19K  22641       21     90564K dentry                 
forks/sec 4
Area                           Used      Cache   Noncache 
firmware/hardware                 0          0          0 
kernel image                      0          0          0 
kernel dynamic memory          1.2G     598.1M     621.2M 
userspace memory              48.7G      65.7M      48.7G 
free memory                   12.7G      12.7G          0 
----------------------------------------------
Fri Aug 23 08:46:48 CDT 2019
Mem:          64157       50392       12925           9         838       11119
Swap:        255870           0      255870
node 0 free: 12925 MB
slabtop: terminal setting retrieval: Inappropriate ioctl for device
 Active / Total Size (% used)       : 748079.37K / 756052.98K (98.9%)
544670 544670 100%    1.03K  17570       31    562240K nfs_inode_cache        
563535 563535 100%    0.19K  26835       21    107340K dentry                 
forks/sec 9
Area                           Used      Cache   Noncache 
firmware/hardware                 0          0          0 
kernel image                      0          0          0 
kernel dynamic memory          1.3G     706.0M     621.8M 
userspace memory              48.7G      65.3M      48.7G 
free memory                   12.6G      12.6G          0 
----------------------------------------------
Fri Aug 23 08:46:53 CDT 2019
Mem:          64157       50392       12815           9         948       11063
Swap:        255870           0      255870
node 0 free: 12814 MB
slabtop: terminal setting retrieval: Inappropriate ioctl for device
 Active / Total Size (% used)       : 856224.11K / 864310.16K (99.1%)
632958 632958 100%    1.03K  20418       31    653376K nfs_inode_cache        
651819 651819 100%    0.19K  31039       21    124156K dentry                 
forks/sec 5
Area                           Used      Cache   Noncache 
firmware/hardware                 0          0          0 
kernel image                      0          0          0 
kernel dynamic memory          1.4G     814.4M     622.5M 
userspace memory              48.7G      66.0M      48.7G 
free memory                   12.5G      12.5G          0 
----------------------------------------------
Fri Aug 23 08:46:58 CDT 2019
Mem:          64157       50393       12704           9        1059       11007
Swap:        255870           0      255870
node 0 free: 12704 MB
slabtop: terminal setting retrieval: Inappropriate ioctl for device
 Active / Total Size (% used)       : 965204.99K / 973227.76K (99.2%)
721711 721711 100%    1.03K  23281       31    744992K nfs_inode_cache        
740586 740586 100%    0.19K  35266       21    141064K dentry                 
forks/sec 9
Area                           Used      Cache   Noncache 
firmware/hardware                 0          0          0 
kernel image                      0          0          0 
kernel dynamic memory          1.5G     923.9M     623.2M 
userspace memory              48.7G      66.0M      48.7G 
free memory                   12.4G      12.4G          0 
----------------------------------------------
Fri Aug 23 08:47:03 CDT 2019
Mem:          64157       50393       12594           9        1169       10952
Swap:        255870           0      255870
node 0 free: 12594 MB
slabtop: terminal setting retrieval: Inappropriate ioctl for device
 Active / Total Size (% used)       : 1074760.45K / 1082688.82K (99.3%)
811022 811022 100%    1.03K  26162       31    837184K nfs_inode_cache        
829878 829878 100%    0.19K  39518       21    158072K dentry                 
forks/sec 5
Area                           Used      Cache   Noncache 
firmware/hardware                 0          0          0 
kernel image                      0          0          0 
kernel dynamic memory          1.6G       1.0G     624.2M 
userspace memory              48.7G      65.4M      48.7G 
free memory                   12.3G      12.3G          0 
----------------------------------------------
Fri Aug 23 08:47:08 CDT 2019
Mem:          64157       50393       12482           9        1281       10895
Swap:        255870           0      255870
node 0 free: 12481 MB
slabtop: terminal setting retrieval: Inappropriate ioctl for device
 Active / Total Size (% used)       : 1186074.79K / 1193842.23K (99.3%)
901666 901666 100%    1.03K  29086       31    930752K nfs_inode_cache        
920577 920577  99%    0.19K  43837       21    175348K dentry                 
forks/sec 9
Area                           Used      Cache   Noncache 
firmware/hardware                 0          0          0 
kernel image                      0          0          0 
kernel dynamic memory          1.7G       1.1G     623.3M 
userspace memory              48.7G      65.7M      48.7G 
free memory                   12.2G      12.2G          0 
----------------------------------------------
Fri Aug 23 08:47:13 CDT 2019
Mem:          64157       50392       12370           9        1393       10840
Swap:        255870           0      255870
node 0 free: 12370 MB
slabtop: terminal setting retrieval: Inappropriate ioctl for device
 Active / Total Size (% used)       : 1296380.49K / 1304092.29K (99.4%)
991628 991628 100%    1.03K  31988       31   1023616K nfs_inode_cache        
1010499 1010499 100%    0.19K  48119       21    192476K dentry                 
forks/sec 5
Area                           Used      Cache   Noncache 
firmware/hardware                 0          0          0 
kernel image                      0          0          0 
kernel dynamic memory          1.8G       1.2G     624.4M 
userspace memory              48.7G      65.4M      48.7G 
free memory                   12.1G      12.1G          0 
----------------------------------------------
Fri Aug 23 08:47:18 CDT 2019
Mem:          64157       50393       12261           9        1502       10784
Swap:        255870           0      255870
node 0 free: 12260 MB
slabtop: terminal setting retrieval: Inappropriate ioctl for device
 Active / Total Size (% used)       : 1404979.28K / 1412640.82K (99.5%)
1080102 1080102 100%    1.03K  34842       31   1114944K nfs_inode_cache        
1098972 1098972 100%    0.19K  52332       21    209328K dentry                 
forks/sec 9
Area                           Used      Cache   Noncache 
firmware/hardware                 0          0          0 
kernel image                      0          0          0 
kernel dynamic memory          1.9G       1.3G     625.4M 
userspace memory              48.7G      65.7M      48.7G 
free memory                   12.0G      12.0G          0 
----------------------------------------------
Fri Aug 23 08:47:23 CDT 2019
Mem:          64157       50393       12150           9        1612       10729
Swap:        255870           0      255870
node 0 free: 12150 MB
slabtop: terminal setting retrieval: Inappropriate ioctl for device
 Active / Total Size (% used)       : 1514016.16K / 1521734.82K (99.5%)
1169072 1169072 100%    1.03K  37712       31   1206784K nfs_inode_cache        
1187970 1187970 100%    0.19K  56570       21    226280K dentry                 
forks/sec 5
Area                           Used      Cache   Noncache 
firmware/hardware                 0          0          0 
kernel image                      0          0          0 
kernel dynamic memory          2.1G       1.4G     627.5M 
userspace memory              48.7G      65.7M      48.7G 
free memory                   11.9G      11.9G          0 
----------------------------------------------
Fri Aug 23 08:47:28 CDT 2019
Mem:          64157       50400       12037           9        1719       10668
Swap:        255870           0      255870
node 0 free: 12037 MB
slabtop: terminal setting retrieval: Inappropriate ioctl for device
 Active / Total Size (% used)       : 1619360.40K / 1627131.13K (99.5%)
1255035 1255035 100%    1.03K  40485       31   1295520K nfs_inode_cache        
1273860 1273860 100%    0.19K  60660       21    242640K dentry                 
forks/sec 9
Area                           Used      Cache   Noncache 
firmware/hardware                 0          0          0 
kernel image                      0          0          0 
kernel dynamic memory          2.2G       1.5G     627.2M 
userspace memory              48.7G      65.8M      48.7G 
free memory                   11.8G      11.8G          0 
----------------------------------------------
Fri Aug 23 08:47:33 CDT 2019
Mem:          64157       50395       11927           9        1833       10615
Swap:        255870           0      255870
node 0 free: 11926 MB
slabtop: terminal setting retrieval: Inappropriate ioctl for device
 Active / Total Size (% used)       : 1728071.52K / 1735789.37K (99.6%)
1343633 1343633 100%    1.03K  43343       31   1386976K nfs_inode_cache        
1362606 1362606 100%    0.19K  64886       21    259544K dentry                 
forks/sec 6
Area                           Used      Cache   Noncache 
firmware/hardware                 0          0          0 
kernel image                      0          0          0 
kernel dynamic memory          2.3G       1.7G     628.6M 
userspace memory              48.7G      65.8M      48.7G 
free memory                   11.6G      11.6G          0 
----------------------------------------------
Fri Aug 23 08:47:38 CDT 2019
Mem:          64157       50398       11812           9        1945       10556
Swap:        255870           0      255870
node 0 free: 11813 MB
slabtop: terminal setting retrieval: Inappropriate ioctl for device
 Active / Total Size (% used)       : 1837314.91K / 1844805.24K (99.6%)
1432448 1432448 100%    1.03K  46208       31   1478656K nfs_inode_cache        
1451562 1451562  99%    0.19K  69122       21    276488K dentry                 
forks/sec 11
Area                           Used      Cache   Noncache 
firmware/hardware                 0          0          0 
kernel image                      0          0          0 
kernel dynamic memory          2.4G       1.8G     630.1M 
userspace memory              48.7G      66.0M      48.7G 
free memory                   11.5G      11.5G          0 
----------------------------------------------
Fri Aug 23 08:47:43 CDT 2019
Mem:          64157       50400       11702           9        2054       10500
Swap:        255870           0      255870
node 0 free: 11702 MB
slabtop: terminal setting retrieval: Inappropriate ioctl for device
 Active / Total Size (% used)       : 1945653.00K / 1953260.77K (99.6%)
1520984 1520984 100%    1.03K  49064       31   1570048K nfs_inode_cache        
1540098 1540098  99%    0.19K  73338       21    293352K dentry                 
forks/sec 8
Area                           Used      Cache   Noncache 
firmware/hardware                 0          0          0 
kernel image                      0          0          0 
kernel dynamic memory          2.5G       1.9G     629.3M 
userspace memory              48.7G      65.7M      48.7G 
free memory                   11.4G      11.4G          0 
----------------------------------------------
Fri Aug 23 08:47:48 CDT 2019
Mem:          64157       50403       11585           9        2168       10439
Swap:        255870           0      255870
node 0 free: 11585 MB
slabtop: terminal setting retrieval: Inappropriate ioctl for device
 Active / Total Size (% used)       : 2055282.14K / 2062627.30K (99.6%)
1609551 1609551 100%    1.03K  51921       31   1661472K nfs_inode_cache        
1628739 1628739 100%    0.19K  77559       21    310236K dentry                 
forks/sec 6
Area                           Used      Cache   Noncache 
firmware/hardware                 0          0          0 
kernel image                      0          0          0 
kernel dynamic memory          2.6G       2.0G     630.8M 
userspace memory              48.7G      65.7M      48.7G 
free memory                   11.3G      11.3G          0 
----------------------------------------------
Fri Aug 23 08:47:53 CDT 2019
Mem:          64157       50403       11475           9        2278       10384
Swap:        255870           0      255870
node 0 free: 11474 MB
slabtop: terminal setting retrieval: Inappropriate ioctl for device
 Active / Total Size (% used)       : 2163563.70K / 2170863.30K (99.7%)
1697808 1697808 100%    1.03K  54768       31   1752576K nfs_inode_cache        
1716960 1716960 100%    0.19K  81760       21    327040K dentry                 
forks/sec 8
Area                           Used      Cache   Noncache 
firmware/hardware                 0          0          0 
kernel image                      0          0          0 
kernel dynamic memory          2.7G       2.1G     632.5M 
userspace memory              48.7G      65.7M      48.7G 
free memory                   11.2G      11.2G          0 
----------------------------------------------
Fri Aug 23 08:47:58 CDT 2019
Mem:          64157       50403       11366           9        2386       10329
Swap:        255870           0      255870
node 0 free: 11366 MB
slabtop: terminal setting retrieval: Inappropriate ioctl for device
 Active / Total Size (% used)       : 2271011.31K / 2278160.63K (99.7%)
1785259 1785259 100%    1.03K  57589       31   1842848K nfs_inode_cache        
1804404 1804404 100%    0.19K  85924       21    343696K dentry                 
forks/sec 6
Area                           Used      Cache   Noncache 
firmware/hardware                 0          0          0 
kernel image                      0          0          0 
kernel dynamic memory          2.8G       2.2G     633.5M 
userspace memory              48.7G      66.0M      48.7G 
free memory                   11.1G      11.1G          0 
----------------------------------------------
Fri Aug 23 08:48:04 CDT 2019
Mem:          64157       50403       11254           9        2498       10272
Swap:        255870           0      255870
node 0 free: 11254 MB
slabtop: terminal setting retrieval: Inappropriate ioctl for device
 Active / Total Size (% used)       : 2381685.32K / 2388987.05K (99.7%)
1875562 1875562  99%    1.03K  60502       31   1936064K nfs_inode_cache        
1894725 1894725 100%    0.19K  90225       21    360900K dentry                 
forks/sec 7
Area                           Used      Cache   Noncache 
firmware/hardware                 0          0          0 
kernel image                      0          0          0 
kernel dynamic memory          2.9G       2.3G     633.6M 
userspace memory              48.7G      66.0M      48.7G 
free memory                   11.0G      11.0G          0 
----------------------------------------------
