[    0.000000] Linux version 5.15.0-rc4+ (root@parsec) (gcc (GCC) 11.1.0, GNU ld (GNU Binutils) 2.36.1) #22 SMP Tue Oct 26 18:50:50 CDT 2021
[    0.000000] Command line: BOOT_IMAGE=/boot/vmlinuz-5.15.0-rc4+ root=LABEL=root1 ro crashkernel=224M logo.nologo LOGLEVEL=1 rd.auto=1 ipv6.disable=1 intel_idle.max_cstate=0 processor.max_cstate=1 intel_pstate=disable pci=realloc LANG=en_US.UTF-8
[    0.000000] x86/fpu: Supporting XSAVE feature 0x001: 'x87 floating point registers'
[    0.000000] x86/fpu: Supporting XSAVE feature 0x002: 'SSE registers'
[    0.000000] x86/fpu: Supporting XSAVE feature 0x004: 'AVX registers'
[    0.000000] x86/fpu: Supporting XSAVE feature 0x200: 'Protection Keys User registers'
[    0.000000] x86/fpu: xstate_offset[2]:  576, xstate_sizes[2]:  256
[    0.000000] x86/fpu: xstate_offset[9]:  832, xstate_sizes[9]:    8
[    0.000000] x86/fpu: Enabled xstate features 0x207, context size is 840 bytes, using 'compacted' format.
[    0.000000] signal: max sigframe size: 3376
[    0.000000] BIOS-provided physical RAM map:
[    0.000000] BIOS-e820: [mem 0x0000000000000000-0x000000000008efff] usable
[    0.000000] BIOS-e820: [mem 0x000000000008f000-0x000000000008ffff] ACPI NVS
[    0.000000] BIOS-e820: [mem 0x0000000000090000-0x000000000009ffff] usable
[    0.000000] BIOS-e820: [mem 0x0000000000100000-0x000000005a15ffff] usable
[    0.000000] BIOS-e820: [mem 0x000000005a160000-0x000000005a1dffff] reserved
[    0.000000] BIOS-e820: [mem 0x000000005a1e0000-0x0000000067acefff] usable
[    0.000000] BIOS-e820: [mem 0x0000000067acf000-0x000000006dfcefff] reserved
[    0.000000] BIOS-e820: [mem 0x000000006dfcf000-0x000000006edfefff] ACPI NVS
[    0.000000] BIOS-e820: [mem 0x000000006edff000-0x000000006effefff] ACPI data
[    0.000000] BIOS-e820: [mem 0x000000006efff000-0x000000006effffff] usable
[    0.000000] BIOS-e820: [mem 0x000000006f000000-0x000000006f00afff] ACPI NVS
[    0.000000] BIOS-e820: [mem 0x000000006f00b000-0x000000006fffffff] usable
[    0.000000] BIOS-e820: [mem 0x0000000070000000-0x000000008fffffff] reserved
[    0.000000] BIOS-e820: [mem 0x00000000aa000000-0x00000000aaffffff] reserved
[    0.000000] BIOS-e820: [mem 0x00000000c5000000-0x00000000c5ffffff] reserved
[    0.000000] BIOS-e820: [mem 0x00000000e0000000-0x00000000e0ffffff] reserved
[    0.000000] BIOS-e820: [mem 0x00000000fd000000-0x00000000ffffffff] reserved
[    0.000000] BIOS-e820: [mem 0x0000000100000000-0x000000407f0fffff] usable
[    0.000000] BIOS-e820: [mem 0x000000407f100000-0x000000407fffffff] reserved
[    0.000000] NX (Execute Disable) protection: active
[    0.000000] e820: update [mem 0x3ccc9020-0x3ccfb05f] usable ==> usable
[    0.000000] e820: update [mem 0x3ccc9020-0x3ccfb05f] usable ==> usable
[    0.000000] e820: update [mem 0x3cc96020-0x3ccc805f] usable ==> usable
[    0.000000] e820: update [mem 0x3cc96020-0x3ccc805f] usable ==> usable
[    0.000000] e820: update [mem 0x3cc50020-0x3cc95e5f] usable ==> usable
[    0.000000] e820: update [mem 0x3cc50020-0x3cc95e5f] usable ==> usable
[    0.000000] e820: update [mem 0x3cc29020-0x3cc4f05f] usable ==> usable
[    0.000000] e820: update [mem 0x3cc29020-0x3cc4f05f] usable ==> usable
[    0.000000] e820: update [mem 0x3cc02020-0x3cc2805f] usable ==> usable
[    0.000000] e820: update [mem 0x3cc02020-0x3cc2805f] usable ==> usable
[    0.000000] e820: update [mem 0x3cba1020-0x3cc0105f] usable ==> usable
[    0.000000] e820: update [mem 0x3cba1020-0x3cc0105f] usable ==> usable
[    0.000000] e820: update [mem 0x3cb40020-0x3cba005f] usable ==> usable
[    0.000000] e820: update [mem 0x3cb40020-0x3cba005f] usable ==> usable
[    0.000000] e820: update [mem 0x3cb0d020-0x3cb3f05f] usable ==> usable
[    0.000000] e820: update [mem 0x3cb0d020-0x3cb3f05f] usable ==> usable
[    0.000000] e820: update [mem 0x3cada020-0x3cb0c05f] usable ==> usable
[    0.000000] e820: update [mem 0x3cada020-0x3cb0c05f] usable ==> usable
[    0.000000] e820: update [mem 0x3cad1020-0x3cad905f] usable ==> usable
[    0.000000] e820: update [mem 0x3cad1020-0x3cad905f] usable ==> usable
[    0.000000] extended physical RAM map:
[    0.000000] reserve setup_data: [mem 0x0000000000000000-0x000000000008efff] usable
[    0.000000] reserve setup_data: [mem 0x000000000008f000-0x000000000008ffff] ACPI NVS
[    0.000000] reserve setup_data: [mem 0x0000000000090000-0x000000000009ffff] usable
[    0.000000] reserve setup_data: [mem 0x0000000000100000-0x000000003cad101f] usable
[    0.000000] reserve setup_data: [mem 0x000000003cad1020-0x000000003cad905f] usable
[    0.000000] reserve setup_data: [mem 0x000000003cad9060-0x000000003cada01f] usable
[    0.000000] reserve setup_data: [mem 0x000000003cada020-0x000000003cb0c05f] usable
[    0.000000] reserve setup_data: [mem 0x000000003cb0c060-0x000000003cb0d01f] usable
[    0.000000] reserve setup_data: [mem 0x000000003cb0d020-0x000000003cb3f05f] usable
[    0.000000] reserve setup_data: [mem 0x000000003cb3f060-0x000000003cb4001f] usable
[    0.000000] reserve setup_data: [mem 0x000000003cb40020-0x000000003cba005f] usable
[    0.000000] reserve setup_data: [mem 0x000000003cba0060-0x000000003cba101f] usable
[    0.000000] reserve setup_data: [mem 0x000000003cba1020-0x000000003cc0105f] usable
[    0.000000] reserve setup_data: [mem 0x000000003cc01060-0x000000003cc0201f] usable
[    0.000000] reserve setup_data: [mem 0x000000003cc02020-0x000000003cc2805f] usable
[    0.000000] reserve setup_data: [mem 0x000000003cc28060-0x000000003cc2901f] usable
[    0.000000] reserve setup_data: [mem 0x000000003cc29020-0x000000003cc4f05f] usable
[    0.000000] reserve setup_data: [mem 0x000000003cc4f060-0x000000003cc5001f] usable
[    0.000000] reserve setup_data: [mem 0x000000003cc50020-0x000000003cc95e5f] usable
[    0.000000] reserve setup_data: [mem 0x000000003cc95e60-0x000000003cc9601f] usable
[    0.000000] reserve setup_data: [mem 0x000000003cc96020-0x000000003ccc805f] usable
[    0.000000] reserve setup_data: [mem 0x000000003ccc8060-0x000000003ccc901f] usable
[    0.000000] reserve setup_data: [mem 0x000000003ccc9020-0x000000003ccfb05f] usable
[    0.000000] reserve setup_data: [mem 0x000000003ccfb060-0x000000005a15ffff] usable
[    0.000000] reserve setup_data: [mem 0x000000005a160000-0x000000005a1dffff] reserved
[    0.000000] reserve setup_data: [mem 0x000000005a1e0000-0x0000000067acefff] usable
[    0.000000] reserve setup_data: [mem 0x0000000067acf000-0x000000006dfcefff] reserved
[    0.000000] reserve setup_data: [mem 0x000000006dfcf000-0x000000006edfefff] ACPI NVS
[    0.000000] reserve setup_data: [mem 0x000000006edff000-0x000000006effefff] ACPI data
[    0.000000] reserve setup_data: [mem 0x000000006efff000-0x000000006effffff] usable
[    0.000000] reserve setup_data: [mem 0x000000006f000000-0x000000006f00afff] ACPI NVS
[    0.000000] reserve setup_data: [mem 0x000000006f00b000-0x000000006fffffff] usable
[    0.000000] reserve setup_data: [mem 0x0000000070000000-0x000000008fffffff] reserved
[    0.000000] reserve setup_data: [mem 0x00000000aa000000-0x00000000aaffffff] reserved
[    0.000000] reserve setup_data: [mem 0x00000000c5000000-0x00000000c5ffffff] reserved
[    0.000000] reserve setup_data: [mem 0x00000000e0000000-0x00000000e0ffffff] reserved
[    0.000000] reserve setup_data: [mem 0x00000000fd000000-0x00000000ffffffff] reserved
[    0.000000] reserve setup_data: [mem 0x0000000100000000-0x000000407f0fffff] usable
[    0.000000] reserve setup_data: [mem 0x000000407f100000-0x000000407fffffff] reserved
[    0.000000] efi: EFI v2.70 by Parsec Labs
[    0.000000] efi: ACPI=0x6effe000 ACPI 2.0=0x6effe014 MEMATTR=0x619609a0 SMBIOS=0x697a4000 SMBIOS 3.0=0x697a2000 RNG=0x67bcdd20 
[    0.000000] efi: seeding entropy pool
[    0.000000] SMBIOS 3.3.0 present.
[    0.000000] DMI: Parsec Labs PL2000/07PXPY, BIOS 2.2.4 04/12/2021
[    0.000000] tsc: Fast TSC calibration using PIT
[    0.000000] tsc: Detected 2994.310 MHz processor
[    0.000013] e820: update [mem 0x00000000-0x00000fff] usable ==> reserved
[    0.000014] e820: remove [mem 0x000a0000-0x000fffff] usable
[    0.000020] last_pfn = 0x407f100 max_arch_pfn = 0x400000000
[    0.000687] x86/PAT: Configuration [0-7]: WB  WC  UC- UC  WB  WP  UC- WT  
[    0.000978] x2apic: enabled by BIOS, switching to x2apic ops
[    0.000982] last_pfn = 0x70000 max_arch_pfn = 0x400000000
[    0.004386] Using GB pages for direct mapping
[    0.004747] Secure boot disabled
[    0.004747] RAMDISK: [mem 0x3ccfc000-0x3deadfff]
[    0.004750] ACPI: Early table checksum verification disabled
[    0.004753] ACPI: RSDP 0x000000006EFFE014 000024 (v02 DELL  )
[    0.004756] ACPI: XSDT 0x000000006EFFD0E8 0000B4 (v01 DELL   PE_SC3   00000002 DELL 00000001)
[    0.004760] ACPI: FACP 0x000000006EFFA000 000114 (v06 DELL   PE_SC3   00000002 DELL 00000001)
[    0.004764] ACPI: DSDT 0x000000006EFDB000 018E4E (v02 DELL   PE_SC3   00000002 DELL 00000001)
[    0.004765] ACPI: FACS 0x000000006EDB9000 000040
[    0.004767] ACPI: BERT 0x000000006EFFC000 000030 (v01 DELL   PE_SC3   00000001 DELL 00000001)
[    0.004769] ACPI: HEST 0x000000006EFFB000 0007F4 (v01 DELL   PE_SC3   00000001 DELL 00000001)
[    0.004770] ACPI: HPET 0x000000006EFF9000 000038 (v01 DELL   PE_SC3   00000002 DELL 00000001)
[    0.004772] ACPI: APIC 0x000000006EFF7000 0018BE (v04 DELL   PE_SC3   00000002 DELL 00000001)
[    0.004774] ACPI: MCFG 0x000000006EFF6000 00003C (v01 DELL   PE_SC3   00000002 DELL 00000001)
[    0.004775] ACPI: WSMT 0x000000006EFF5000 000028 (v01 DELL   PE_SC3   00000002 DELL 00000001)
[    0.004777] ACPI: SLIC 0x000000006EFF4000 000024 (v01 DELL   PE_SC3   00000002 DELL 00000001)
[    0.004779] ACPI: SSDT 0x000000006EFDA000 000629 (v02 DELL   xhc_port 00000001 INTL 20200430)
[    0.004780] ACPI: SSDT 0x000000006EFD9000 000C30 (v02 AMD    CPMRAS   00000001 INTL 20200430)
[    0.004782] ACPI: EINJ 0x000000006EFD8000 000150 (v01 AMD    PE_SC3   00000001 AMD  00000001)
[    0.004784] ACPI: PCCT 0x000000006EFD7000 00006E (v02 DELL   AmdTable 00000001 AMD  00000001)
[    0.004786] ACPI: SSDT 0x000000006EFCF000 007E89 (v02 DELL   PE_SC3   00000001 AMD  00000001)
[    0.004787] ACPI: CRAT 0x000000006EFCD000 001DD0 (v01 DELL   PE_SC3   00000001 AMD  00000001)
[    0.004789] ACPI: CDIT 0x000000006EFCC000 000029 (v01 DELL   PE_SC3   00000001 AMD  00000001)
[    0.004790] ACPI: IVRS 0x000000006EFCB000 0001F0 (v02 DELL   PE_SC3   00000001 AMD  00000001)
[    0.004792] ACPI: SSDT 0x000000006EFCA000 000DF5 (v02 DELL   PE_SC3   00000002 DELL 00000001)
[    0.004794] ACPI: SSDT 0x000000006EFC8000 001828 (v02 AMD    CPMCMN   00000001 INTL 20200430)
[    0.004795] ACPI: Reserving FACP table memory at [mem 0x6effa000-0x6effa113]
[    0.004796] ACPI: Reserving DSDT table memory at [mem 0x6efdb000-0x6eff3e4d]
[    0.004797] ACPI: Reserving FACS table memory at [mem 0x6edb9000-0x6edb903f]
[    0.004798] ACPI: Reserving BERT table memory at [mem 0x6effc000-0x6effc02f]
[    0.004798] ACPI: Reserving HEST table memory at [mem 0x6effb000-0x6effb7f3]
[    0.004799] ACPI: Reserving HPET table memory at [mem 0x6eff9000-0x6eff9037]
[    0.004800] ACPI: Reserving APIC table memory at [mem 0x6eff7000-0x6eff88bd]
[    0.004800] ACPI: Reserving MCFG table memory at [mem 0x6eff6000-0x6eff603b]
[    0.004801] ACPI: Reserving WSMT table memory at [mem 0x6eff5000-0x6eff5027]
[    0.004802] ACPI: Reserving SLIC table memory at [mem 0x6eff4000-0x6eff4023]
[    0.004803] ACPI: Reserving SSDT table memory at [mem 0x6efda000-0x6efda628]
[    0.004803] ACPI: Reserving SSDT table memory at [mem 0x6efd9000-0x6efd9c2f]
[    0.004804] ACPI: Reserving EINJ table memory at [mem 0x6efd8000-0x6efd814f]
[    0.004805] ACPI: Reserving PCCT table memory at [mem 0x6efd7000-0x6efd706d]
[    0.004805] ACPI: Reserving SSDT table memory at [mem 0x6efcf000-0x6efd6e88]
[    0.004806] ACPI: Reserving CRAT table memory at [mem 0x6efcd000-0x6efcedcf]
[    0.004807] ACPI: Reserving CDIT table memory at [mem 0x6efcc000-0x6efcc028]
[    0.004807] ACPI: Reserving IVRS table memory at [mem 0x6efcb000-0x6efcb1ef]
[    0.004808] ACPI: Reserving SSDT table memory at [mem 0x6efca000-0x6efcadf4]
[    0.004809] ACPI: Reserving SSDT table memory at [mem 0x6efc8000-0x6efc9827]
[    0.004817] Setting APIC routing to cluster x2apic.
[    0.004858] No NUMA configuration found
[    0.004859] Faking a node at [mem 0x0000000000000000-0x000000407f0fffff]
[    0.004865] NODE_DATA(0) allocated [mem 0x407f0d5000-0x407f0fffff]
[    0.005036] Reserving 224MB of memory at 1136MB for crashkernel (System RAM: 261754MB)
[    0.005142] Zone ranges:
[    0.005143]   DMA      [mem 0x0000000000001000-0x0000000000ffffff]
[    0.005144]   DMA32    [mem 0x0000000001000000-0x00000000ffffffff]
[    0.005145]   Normal   [mem 0x0000000100000000-0x000000407f0fffff]
[    0.005146]   Device   empty
[    0.005147] Movable zone start for each node
[    0.005148] Early memory node ranges
[    0.005149]   node   0: [mem 0x0000000000001000-0x000000000008efff]
[    0.005150]   node   0: [mem 0x0000000000090000-0x000000000009ffff]
[    0.005150]   node   0: [mem 0x0000000000100000-0x000000005a15ffff]
[    0.005151]   node   0: [mem 0x000000005a1e0000-0x0000000067acefff]
[    0.005152]   node   0: [mem 0x000000006efff000-0x000000006effffff]
[    0.005152]   node   0: [mem 0x000000006f00b000-0x000000006fffffff]
[    0.005153]   node   0: [mem 0x0000000100000000-0x000000407f0fffff]
[    0.005164] Initmem setup node 0 [mem 0x0000000000001000-0x000000407f0fffff]
[    0.005167] On node 0, zone DMA: 1 pages in unavailable ranges
[    0.005168] On node 0, zone DMA: 1 pages in unavailable ranges
[    0.005185] On node 0, zone DMA: 96 pages in unavailable ranges
[    0.006850] On node 0, zone DMA32: 128 pages in unavailable ranges
[    0.006977] On node 0, zone DMA32: 30000 pages in unavailable ranges
[    0.006994] On node 0, zone DMA32: 11 pages in unavailable ranges
[    0.007154] On node 0, zone Normal: 3840 pages in unavailable ranges
[    0.007363] ACPI: PM-Timer IO Port: 0x408
[    0.007373] ACPI: X2APIC_NMI (uid[0xffffffff] high edge lint[0x1])
[    0.007375] ACPI: LAPIC_NMI (acpi_id[0xff] high edge lint[0x1])
[    0.007387] IOAPIC[0]: apic_id 240, version 33, address 0xfec00000, GSI 0-23
[    0.007393] IOAPIC[1]: apic_id 241, version 33, address 0xe0100000, GSI 120-151
[    0.007399] IOAPIC[2]: apic_id 242, version 33, address 0xc5100000, GSI 88-119
[    0.007403] IOAPIC[3]: apic_id 243, version 33, address 0xaa100000, GSI 56-87
[    0.007408] IOAPIC[4]: apic_id 244, version 33, address 0xfd100000, GSI 24-55
[    0.007411] ACPI: INT_SRC_OVR (bus 0 bus_irq 0 global_irq 2 dfl dfl)
[    0.007413] ACPI: INT_SRC_OVR (bus 0 bus_irq 9 global_irq 9 low level)
[    0.007417] ACPI: Using ACPI (MADT) for SMP configuration information
[    0.007418] ACPI: HPET id: 0x10228201 base: 0xfed00000
[    0.007421] smpboot: Allowing 32 CPUs, 0 hotplug CPUs
[    0.007435] PM: hibernation: Registered nosave memory: [mem 0x00000000-0x00000fff]
[    0.007437] PM: hibernation: Registered nosave memory: [mem 0x0008f000-0x0008ffff]
[    0.007438] PM: hibernation: Registered nosave memory: [mem 0x000a0000-0x000fffff]
[    0.007439] PM: hibernation: Registered nosave memory: [mem 0x3cad1000-0x3cad1fff]
[    0.007440] PM: hibernation: Registered nosave memory: [mem 0x3cad9000-0x3cad9fff]
[    0.007441] PM: hibernation: Registered nosave memory: [mem 0x3cada000-0x3cadafff]
[    0.007442] PM: hibernation: Registered nosave memory: [mem 0x3cb0c000-0x3cb0cfff]
[    0.007443] PM: hibernation: Registered nosave memory: [mem 0x3cb0d000-0x3cb0dfff]
[    0.007444] PM: hibernation: Registered nosave memory: [mem 0x3cb3f000-0x3cb3ffff]
[    0.007444] PM: hibernation: Registered nosave memory: [mem 0x3cb40000-0x3cb40fff]
[    0.007446] PM: hibernation: Registered nosave memory: [mem 0x3cba0000-0x3cba0fff]
[    0.007446] PM: hibernation: Registered nosave memory: [mem 0x3cba1000-0x3cba1fff]
[    0.007447] PM: hibernation: Registered nosave memory: [mem 0x3cc01000-0x3cc01fff]
[    0.007448] PM: hibernation: Registered nosave memory: [mem 0x3cc02000-0x3cc02fff]
[    0.007449] PM: hibernation: Registered nosave memory: [mem 0x3cc28000-0x3cc28fff]
[    0.007450] PM: hibernation: Registered nosave memory: [mem 0x3cc29000-0x3cc29fff]
[    0.007451] PM: hibernation: Registered nosave memory: [mem 0x3cc4f000-0x3cc4ffff]
[    0.007451] PM: hibernation: Registered nosave memory: [mem 0x3cc50000-0x3cc50fff]
[    0.007452] PM: hibernation: Registered nosave memory: [mem 0x3cc95000-0x3cc95fff]
[    0.007453] PM: hibernation: Registered nosave memory: [mem 0x3cc96000-0x3cc96fff]
[    0.007454] PM: hibernation: Registered nosave memory: [mem 0x3ccc8000-0x3ccc8fff]
[    0.007455] PM: hibernation: Registered nosave memory: [mem 0x3ccc9000-0x3ccc9fff]
[    0.007456] PM: hibernation: Registered nosave memory: [mem 0x3ccfb000-0x3ccfbfff]
[    0.007457] PM: hibernation: Registered nosave memory: [mem 0x5a160000-0x5a1dffff]
[    0.007458] PM: hibernation: Registered nosave memory: [mem 0x67acf000-0x6dfcefff]
[    0.007459] PM: hibernation: Registered nosave memory: [mem 0x6dfcf000-0x6edfefff]
[    0.007459] PM: hibernation: Registered nosave memory: [mem 0x6edff000-0x6effefff]
[    0.007461] PM: hibernation: Registered nosave memory: [mem 0x6f000000-0x6f00afff]
[    0.007462] PM: hibernation: Registered nosave memory: [mem 0x70000000-0x8fffffff]
[    0.007462] PM: hibernation: Registered nosave memory: [mem 0x90000000-0xa9ffffff]
[    0.007463] PM: hibernation: Registered nosave memory: [mem 0xaa000000-0xaaffffff]
[    0.007464] PM: hibernation: Registered nosave memory: [mem 0xab000000-0xc4ffffff]
[    0.007464] PM: hibernation: Registered nosave memory: [mem 0xc5000000-0xc5ffffff]
[    0.007465] PM: hibernation: Registered nosave memory: [mem 0xc6000000-0xdfffffff]
[    0.007465] PM: hibernation: Registered nosave memory: [mem 0xe0000000-0xe0ffffff]
[    0.007466] PM: hibernation: Registered nosave memory: [mem 0xe1000000-0xfcffffff]
[    0.007466] PM: hibernation: Registered nosave memory: [mem 0xfd000000-0xffffffff]
[    0.007467] [mem 0xe1000000-0xfcffffff] available for PCI devices
[    0.007469] Booting paravirtualized kernel on bare hardware
[    0.007471] clocksource: refined-jiffies: mask: 0xffffffff max_cycles: 0xffffffff, max_idle_ns: 1910969940391419 ns
[    0.012951] setup_percpu: NR_CPUS:8192 nr_cpumask_bits:32 nr_cpu_ids:32 nr_node_ids:1
[    0.013461] percpu: Embedded 50 pages/cpu s167936 r8192 d28672 u262144
[    0.013467] pcpu-alloc: s167936 r8192 d28672 u262144 alloc=1*2097152
[    0.013468] pcpu-alloc: [0] 00 01 02 03 04 05 06 07 [0] 08 09 10 11 12 13 14 15 
[    0.013473] pcpu-alloc: [0] 16 17 18 19 20 21 22 23 [0] 24 25 26 27 28 29 30 31 
[    0.013501] Built 1 zonelists, mobility grouping on.  Total pages: 65960791
[    0.013502] Policy zone: Normal
[    0.013503] Kernel command line: BOOT_IMAGE=/boot/vmlinuz-5.15.0-rc4+ root=LABEL=root1 ro crashkernel=224M logo.nologo LOGLEVEL=1 rd.auto=1 ipv6.disable=1 intel_idle.max_cstate=0 processor.max_cstate=1 intel_pstate=disable pci=realloc LANG=en_US.UTF-8
[    0.013557] Unknown command line parameters: BOOT_IMAGE=/boot/vmlinuz-5.15.0-rc4+ crashkernel=224M LOGLEVEL=1 LANG=en_US.UTF-8
[    0.015808] Dentry cache hash table entries: 16777216 (order: 15, 134217728 bytes, linear)
[    0.016930] Inode-cache hash table entries: 8388608 (order: 14, 67108864 bytes, linear)
[    0.016988] mem auto-init: stack:off, heap alloc:off, heap free:off
[    0.059105] Memory: 1436096K/268037004K available (24594K kernel code, 7330K rwdata, 9116K rodata, 2984K init, 6308K bss, 4864628K reserved, 0K cma-reserved)
[    0.059158] SLUB: HWalign=64, Order=0-3, MinObjects=0, CPUs=32, Nodes=1
[    0.059164] ftrace: allocating 73638 entries in 288 pages
[    0.079139] ftrace: allocated 288 pages with 2 groups
[    0.079233] rcu: Hierarchical RCU implementation.
[    0.079234] rcu: 	RCU restricting CPUs from NR_CPUS=8192 to nr_cpu_ids=32.
[    0.079236] 	Rude variant of Tasks RCU enabled.
[    0.079237] rcu: RCU calculated value of scheduler-enlistment delay is 100 jiffies.
[    0.079238] rcu: Adjusting geometry for rcu_fanout_leaf=16, nr_cpu_ids=32
[    0.081905] NR_IRQS: 524544, nr_irqs: 2856, preallocated irqs: 16
[    0.082185] random: get_random_bytes called from start_kernel+0x41c/0x5ee with crng_init=0
[    0.082211] Console: colour dummy device 80x25
[    0.082391] printk: console [tty0] enabled
[    0.082408] ACPI: Core revision 20210730
[    0.082558] clocksource: hpet: mask: 0xffffffff max_cycles: 0xffffffff, max_idle_ns: 133484873504 ns
[    0.082576] APIC: Switch to symmetric I/O mode setup
[    0.085115] ..TIMER: vector=0x30 apic1=0 pin1=2 apic2=-1 pin2=-1
[    0.089576] clocksource: tsc-early: mask: 0xffffffffffffffff max_cycles: 0x2b294681037, max_idle_ns: 440795284946 ns
[    0.089583] Calibrating delay loop (skipped), value calculated using timer frequency.. 5988.62 BogoMIPS (lpj=2994310)
[    0.089586] pid_max: default: 32768 minimum: 301
[    0.090948] LSM: Security Framework initializing
[    0.091054] Mount-cache hash table entries: 262144 (order: 9, 2097152 bytes, linear)
[    0.091144] Mountpoint-cache hash table entries: 262144 (order: 9, 2097152 bytes, linear)
[    0.091295] x86/cpu: User Mode Instruction Prevention (UMIP) activated
[    0.091397] LVT offset 2 assigned for vector 0xf4
[    0.091430] Last level iTLB entries: 4KB 512, 2MB 512, 4MB 256
[    0.091432] Last level dTLB entries: 4KB 2048, 2MB 2048, 4MB 1024, 1GB 0
[    0.091435] Spectre V1 : Mitigation: usercopy/swapgs barriers and __user pointer sanitization
[    0.091438] Spectre V2 : Mitigation: Full AMD retpoline
[    0.091439] Spectre V2 : Spectre v2 / SpectreRSB mitigation: Filling RSB on context switch
[    0.091441] Spectre V2 : Enabling Restricted Speculation for firmware calls
[    0.091443] Spectre V2 : mitigation: Enabling conditional Indirect Branch Prediction Barrier
[    0.091445] Spectre V2 : User space: Mitigation: STIBP always-on protection
[    0.091447] Speculative Store Bypass: Mitigation: Speculative Store Bypass disabled via prctl and seccomp
[    0.095718] Freeing SMP alternatives memory: 60K
[    0.197929] smpboot: CPU0: AMD EPYC 7313P 16-Core Processor (family: 0x19, model: 0x1, stepping: 0x1)
[    0.198005] Performance Events: Fam17h+ core perfctr, AMD PMU driver.
[    0.198009] ... version:                0
[    0.198011] ... bit width:              48
[    0.198012] ... generic registers:      6
[    0.198012] ... value mask:             0000ffffffffffff
[    0.198014] ... max period:             00007fffffffffff
[    0.198015] ... fixed-purpose events:   0
[    0.198016] ... event mask:             000000000000003f
[    0.198056] rcu: Hierarchical SRCU implementation.
[    0.198305] NMI watchdog: Enabled. Permanently consumes one hw-PMU counter.
[    0.198433] smp: Bringing up secondary CPUs ...
[    0.198478] x86: Booting SMP configuration:
[    0.198479] .... node  #0, CPUs:        #1  #2  #3  #4  #5  #6  #7  #8  #9 #10 #11 #12 #13 #14 #15 #16
[    0.218635] Spectre V2 : Update user space SMT mitigation: STIBP always-on
[    0.218656]  #17 #18 #19 #20 #21 #22 #23 #24 #25 #26 #27 #28 #29 #30 #31
[    0.236605] smp: Brought up 1 node, 32 CPUs
[    0.236607] smpboot: Max logical packages: 1
[    0.236609] smpboot: Total of 32 processors activated (191635.84 BogoMIPS)
[    0.307614] node 0 deferred pages initialised in 70ms
[    0.307748] pgdatinit0 (170) used greatest stack depth: 15184 bytes left
[    0.309976] devtmpfs: initialized
[    0.309976] x86/mm: Memory block size: 2048MB
[    0.310599] ACPI: PM: Registering ACPI NVS region [mem 0x0008f000-0x0008ffff] (4096 bytes)
[    0.310600] ACPI: PM: Registering ACPI NVS region [mem 0x6dfcf000-0x6edfefff] (14876672 bytes)
[    0.310712] ACPI: PM: Registering ACPI NVS region [mem 0x6f000000-0x6f00afff] (45056 bytes)
[    0.310742] clocksource: jiffies: mask: 0xffffffff max_cycles: 0xffffffff, max_idle_ns: 1911260446275000 ns
[    0.310747] futex hash table entries: 8192 (order: 7, 524288 bytes, linear)
[    0.310818] pinctrl core: initialized pinctrl subsystem
[    0.310860] PM: RTC time: 00:06:16, date: 2021-10-27
[    0.310957] NET: Registered PF_NETLINK/PF_ROUTE protocol family
[    0.311016] DMA: preallocated 4096 KiB GFP_KERNEL pool for atomic allocations
[    0.311022] DMA: preallocated 4096 KiB GFP_KERNEL|GFP_DMA pool for atomic allocations
[    0.311028] DMA: preallocated 4096 KiB GFP_KERNEL|GFP_DMA32 pool for atomic allocations
[    0.311034] audit: initializing netlink subsys (disabled)
[    0.311039] audit: type=2000 audit(1635293175.228:1): state=initialized audit_enabled=0 res=1
[    0.311039] thermal_sys: Registered thermal governor 'fair_share'
[    0.311039] thermal_sys: Registered thermal governor 'step_wise'
[    0.311039] thermal_sys: Registered thermal governor 'user_space'
[    0.311039] cpuidle: using governor menu
[    0.311039] Detected 1 PCC Subspaces
[    0.311039] Registering PCC driver as Mailbox controller
[    0.311039] ACPI FADT declares the system doesn't support PCIe ASPM, so disable it
[    0.311039] ACPI: bus type PCI registered
[    0.311039] acpiphp: ACPI Hot Plug PCI Controller Driver version: 0.5
[    0.311039] dca service started, version 1.12.1
[    0.311039] PCI: MMCONFIG for domain 0000 [bus 00-ff] at [mem 0x80000000-0x8fffffff] (base 0x80000000)
[    0.311039] PCI: MMCONFIG at [mem 0x80000000-0x8fffffff] reserved in E820
[    0.311039] PCI: Using configuration type 1 for base access
[    0.314609] Kprobes globally optimized
[    0.314613] HugeTLB registered 1.00 GiB page size, pre-allocated 0 pages
[    0.314613] HugeTLB registered 2.00 MiB page size, pre-allocated 0 pages
[    0.448580] cryptomgr_test (214) used greatest stack depth: 14224 bytes left
[    0.449717] cryptd: max_cpu_qlen set to 1000
[    0.449725] "cryptomgr_test" (234) uses obsolete ecb(arc4) skcipher
[    0.451876] cryptomgr_test (247) used greatest stack depth: 14152 bytes left
[    0.469580] raid6: avx2x4   gen() 44219 MB/s
[    0.486581] raid6: avx2x4   xor()  5567 MB/s
[    0.503580] raid6: avx2x2   gen() 39181 MB/s
[    0.520580] raid6: avx2x2   xor() 37846 MB/s
[    0.537580] raid6: avx2x1   gen() 26901 MB/s
[    0.554580] raid6: avx2x1   xor() 32391 MB/s
[    0.571581] raid6: sse2x4   gen() 23314 MB/s
[    0.588582] raid6: sse2x4   xor()  3147 MB/s
[    0.605581] raid6: sse2x2   gen() 20066 MB/s
[    0.622580] raid6: sse2x2   xor() 19296 MB/s
[    0.639595] raid6: sse2x1   gen()  1505 MB/s
[    0.656580] raid6: sse2x1   xor() 16543 MB/s
[    0.656582] raid6: using algorithm avx2x4 gen() 44219 MB/s
[    0.656583] raid6: .... xor() 5567 MB/s, rmw enabled
[    0.656584] raid6: using avx2x2 recovery algorithm
[    0.656618] ACPI: Added _OSI(Module Device)
[    0.656619] ACPI: Added _OSI(Processor Device)
[    0.656620] ACPI: Added _OSI(3.0 _SCP Extensions)
[    0.656621] ACPI: Added _OSI(Processor Aggregator Device)
[    0.656623] ACPI: Added _OSI(Linux-Dell-Video)
[    0.656624] ACPI: Added _OSI(Linux-Lenovo-NV-HDMI-Audio)
[    0.656625] ACPI: Added _OSI(Linux-HPI-Hybrid-Graphics)
[    0.663288] ACPI BIOS Error (bug): Failure creating named object [\_SB.PC01.D032.N106], AE_ALREADY_EXISTS (20210730/dswload2-326)
[    0.663294] ACPI Error: AE_ALREADY_EXISTS, During name lookup/catalog (20210730/psobject-220)
[    0.663296] ACPI: Skipping parse of AML opcode: OpcodeName unavailable (0x5B82)
[    0.663300] ACPI BIOS Error (bug): Failure creating named object [\_SB.PC01.D031.N107], AE_ALREADY_EXISTS (20210730/dswload2-326)
[    0.663303] ACPI Error: AE_ALREADY_EXISTS, During name lookup/catalog (20210730/psobject-220)
[    0.663305] ACPI: Skipping parse of AML opcode: OpcodeName unavailable (0x5B82)
[    0.663308] ACPI BIOS Error (bug): Failure creating named object [\_SB.PC01.D034.N108], AE_ALREADY_EXISTS (20210730/dswload2-326)
[    0.663311] ACPI Error: AE_ALREADY_EXISTS, During name lookup/catalog (20210730/psobject-220)
[    0.663313] ACPI: Skipping parse of AML opcode: OpcodeName unavailable (0x5B82)
[    0.663316] ACPI BIOS Error (bug): Failure creating named object [\_SB.PC01.D033.N109], AE_ALREADY_EXISTS (20210730/dswload2-326)
[    0.663318] ACPI Error: AE_ALREADY_EXISTS, During name lookup/catalog (20210730/psobject-220)
[    0.663320] ACPI: Skipping parse of AML opcode: OpcodeName unavailable (0x5B82)
[    0.663323] ACPI BIOS Error (bug): Failure creating named object [\_SB.PC01.D032.N106], AE_ALREADY_EXISTS (20210730/dswload2-326)
[    0.663326] ACPI Error: AE_ALREADY_EXISTS, During name lookup/catalog (20210730/psobject-220)
[    0.663328] ACPI: Skipping parse of AML opcode: OpcodeName unavailable (0x5B82)
[    0.663331] ACPI BIOS Error (bug): Failure creating named object [\_SB.PC01.D031.N107], AE_ALREADY_EXISTS (20210730/dswload2-326)
[    0.663333] ACPI Error: AE_ALREADY_EXISTS, During name lookup/catalog (20210730/psobject-220)
[    0.663335] ACPI: Skipping parse of AML opcode: OpcodeName unavailable (0x5B82)
[    0.663504] ACPI: 6 ACPI AML tables successfully acquired and loaded
[    0.665921] ACPI: Interpreter enabled
[    0.665929] ACPI: PM: (supports S0 S5)
[    0.665930] ACPI: Using IOAPIC for interrupt routing
[    0.666059] HEST: Table parsing has been initialized.
[    0.666062] PCI: Using host bridge windows from ACPI; if necessary, use "pci=nocrs" and report a bug
[    0.666748] ACPI: Enabled 1 GPEs in block 00 to 1F
[    0.672966] ACPI: PCI: Interrupt link LNKA configured for IRQ 0
[    0.672990] ACPI: PCI: Interrupt link LNKB configured for IRQ 0
[    0.673011] ACPI: PCI: Interrupt link LNKC configured for IRQ 0
[    0.673033] ACPI: PCI: Interrupt link LNKD configured for IRQ 0
[    0.673053] ACPI: PCI: Interrupt link LNKE configured for IRQ 0
[    0.673075] ACPI: PCI: Interrupt link LNKF configured for IRQ 0
[    0.673095] ACPI: PCI: Interrupt link LNKG configured for IRQ 0
[    0.673116] ACPI: PCI: Interrupt link LNKH configured for IRQ 0
[    0.673241] ACPI: PCI Root Bridge [PC00] (domain 0000 [bus 00-3f])
[    0.673246] acpi PNP0A08:00: _OSC: OS supports [ExtendedConfig ASPM ClockPM Segments MSI HPX-Type3]
[    0.673301] acpi PNP0A08:00: _OSC: platform does not support [SHPCHotplug AER]
[    0.673348] acpi PNP0A08:00: _OSC: OS now controls [PCIeHotplug PME PCIeCapability LTR]
[    0.673350] acpi PNP0A08:00: FADT indicates ASPM is unsupported, using BIOS configuration
[    0.673552] PCI host bridge to bus 0000:00
[    0.673554] pci_bus 0000:00: root bus resource [io  0x0000-0x03af window]
[    0.673556] pci_bus 0000:00: root bus resource [io  0x03e0-0x0cf7 window]
[    0.673558] pci_bus 0000:00: root bus resource [mem 0x000c0000-0x000c3fff window]
[    0.673559] pci_bus 0000:00: root bus resource [mem 0x000c4000-0x000c7fff window]
[    0.673561] pci_bus 0000:00: root bus resource [mem 0x000c8000-0x000cbfff window]
[    0.673562] pci_bus 0000:00: root bus resource [mem 0x000cc000-0x000cffff window]
[    0.673564] pci_bus 0000:00: root bus resource [mem 0x000d0000-0x000d3fff window]
[    0.673565] pci_bus 0000:00: root bus resource [mem 0x000d4000-0x000d7fff window]
[    0.673567] pci_bus 0000:00: root bus resource [mem 0x000d8000-0x000dbfff window]
[    0.673568] pci_bus 0000:00: root bus resource [mem 0x000dc000-0x000dffff window]
[    0.673570] pci_bus 0000:00: root bus resource [mem 0x000e0000-0x000e3fff window]
[    0.673572] pci_bus 0000:00: root bus resource [mem 0x000e4000-0x000e7fff window]
[    0.673573] pci_bus 0000:00: root bus resource [mem 0x000e8000-0x000ebfff window]
[    0.673575] pci_bus 0000:00: root bus resource [mem 0x000ec000-0x000effff window]
[    0.673576] pci_bus 0000:00: root bus resource [mem 0x000f0000-0x000fffff window]
[    0.673578] pci_bus 0000:00: root bus resource [io  0x0d00-0x3fff window]
[    0.673580] pci_bus 0000:00: root bus resource [mem 0xe1000000-0xfebfffff window]
[    0.673582] pci_bus 0000:00: root bus resource [mem 0x63dc0000000-0x7fcffffffff window]
[    0.673584] pci_bus 0000:00: root bus resource [bus 00-3f]
[    0.673609] pci 0000:00:00.0: [1022:1480] type 00 class 0x060000
[    0.673693] pci 0000:00:00.2: [1022:164f] type 00 class 0x080600
[    0.673779] pci 0000:00:01.0: [1022:1482] type 00 class 0x060000
[    0.673845] pci 0000:00:02.0: [1022:1482] type 00 class 0x060000
[    0.673910] pci 0000:00:03.0: [1022:1482] type 00 class 0x060000
[    0.673983] pci 0000:00:03.1: [1022:1483] type 01 class 0x060400
[    0.674057] pci 0000:00:03.1: PME# supported from D0 D3hot D3cold
[    0.674319] pci 0000:00:03.2: [1022:1483] type 01 class 0x060400
[    0.674392] pci 0000:00:03.2: PME# supported from D0 D3hot D3cold
[    0.674556] pci 0000:00:04.0: [1022:1482] type 00 class 0x060000
[    0.674626] pci 0000:00:05.0: [1022:1482] type 00 class 0x060000
[    0.674693] pci 0000:00:07.0: [1022:1482] type 00 class 0x060000
[    0.674763] pci 0000:00:07.1: [1022:1484] type 01 class 0x060400
[    0.674788] pci 0000:00:07.1: enabling Extended Tags
[    0.674829] pci 0000:00:07.1: PME# supported from D0 D3hot D3cold
[    0.674898] pci 0000:00:08.0: [1022:1482] type 00 class 0x060000
[    0.674969] pci 0000:00:08.1: [1022:1484] type 01 class 0x060400
[    0.674996] pci 0000:00:08.1: enabling Extended Tags
[    0.675039] pci 0000:00:08.1: PME# supported from D0 D3hot D3cold
[    0.675124] pci 0000:00:14.0: [1022:790b] type 00 class 0x0c0500
[    0.675234] pci 0000:00:14.3: [1022:790e] type 00 class 0x060100
[    0.675345] pci 0000:00:18.0: [1022:1650] type 00 class 0x060000
[    0.675388] pci 0000:00:18.1: [1022:1651] type 00 class 0x060000
[    0.675429] pci 0000:00:18.2: [1022:1652] type 00 class 0x060000
[    0.675470] pci 0000:00:18.3: [1022:1653] type 00 class 0x060000
[    0.675511] pci 0000:00:18.4: [1022:1654] type 00 class 0x060000
[    0.675553] pci 0000:00:18.5: [1022:1655] type 00 class 0x060000
[    0.675596] pci 0000:00:18.6: [1022:1656] type 00 class 0x060000
[    0.675637] pci 0000:00:18.7: [1022:1657] type 00 class 0x060000
[    0.675725] pci 0000:02:00.0: [14e4:165f] type 00 class 0x020000
[    0.675744] pci 0000:02:00.0: reg 0x10: [mem 0xe1030000-0xe103ffff 64bit pref]
[    0.675758] pci 0000:02:00.0: reg 0x18: [mem 0xe1040000-0xe104ffff 64bit pref]
[    0.675772] pci 0000:02:00.0: reg 0x20: [mem 0xe1050000-0xe105ffff 64bit pref]
[    0.675781] pci 0000:02:00.0: reg 0x30: [mem 0xfffc0000-0xffffffff pref]
[    0.675856] pci 0000:02:00.0: PME# supported from D0 D3hot D3cold
[    0.675938] pci 0000:02:00.1: [14e4:165f] type 00 class 0x020000
[    0.675957] pci 0000:02:00.1: reg 0x10: [mem 0xe1000000-0xe100ffff 64bit pref]
[    0.675970] pci 0000:02:00.1: reg 0x18: [mem 0xe1010000-0xe101ffff 64bit pref]
[    0.675984] pci 0000:02:00.1: reg 0x20: [mem 0xe1020000-0xe102ffff 64bit pref]
[    0.675993] pci 0000:02:00.1: reg 0x30: [mem 0xfffc0000-0xffffffff pref]
[    0.676068] pci 0000:02:00.1: PME# supported from D0 D3hot D3cold
[    0.676131] pci 0000:00:03.1: PCI bridge to [bus 02]
[    0.676138] pci 0000:00:03.1:   bridge window [mem 0xe1000000-0xe10fffff 64bit pref]
[    0.676180] pci 0000:01:00.0: [1000:0097] type 00 class 0x010700
[    0.676191] pci 0000:01:00.0: reg 0x10: [io  0x1000-0x10ff]
[    0.676201] pci 0000:01:00.0: reg 0x14: [mem 0xf7400000-0xf740ffff 64bit]
[    0.676211] pci 0000:01:00.0: reg 0x1c: [mem 0xf7300000-0xf73fffff 64bit]
[    0.676223] pci 0000:01:00.0: reg 0x30: [mem 0xfff00000-0xffffffff pref]
[    0.676229] pci 0000:01:00.0: enabling Extended Tags
[    0.676304] pci 0000:01:00.0: supports D1 D2
[    0.676335] pci 0000:01:00.0: reg 0x174: [mem 0x00000000-0x0000ffff 64bit]
[    0.676337] pci 0000:01:00.0: VF(n) BAR0 space: [mem 0x00000000-0x000fffff 64bit] (contains BAR0 for 16 VFs)
[    0.676347] pci 0000:01:00.0: reg 0x17c: [mem 0x00000000-0x000fffff 64bit]
[    0.676348] pci 0000:01:00.0: VF(n) BAR2 space: [mem 0x00000000-0x00ffffff 64bit] (contains BAR2 for 16 VFs)
[    0.676445] pci 0000:00:03.2: PCI bridge to [bus 01]
[    0.676449] pci 0000:00:03.2:   bridge window [io  0x1000-0x1fff]
[    0.676451] pci 0000:00:03.2:   bridge window [mem 0xf7300000-0xf74fffff]
[    0.676498] pci 0000:03:00.0: [1022:148a] type 00 class 0x130000
[    0.676538] pci 0000:03:00.0: enabling Extended Tags
[    0.676641] pci 0000:03:00.2: [1022:1498] type 00 class 0x108000
[    0.676660] pci 0000:03:00.2: reg 0x18: [mem 0xf7200000-0xf727ffff]
[    0.676675] pci 0000:03:00.2: reg 0x24: [mem 0xf7280000-0xf7281fff]
[    0.676684] pci 0000:03:00.2: enabling Extended Tags
[    0.676785] pci 0000:00:07.1: PCI bridge to [bus 03]
[    0.676790] pci 0000:00:07.1:   bridge window [mem 0xf7200000-0xf72fffff]
[    0.676855] pci 0000:04:00.0: [1022:1485] type 00 class 0x130000
[    0.676898] pci 0000:04:00.0: enabling Extended Tags
[    0.677019] pci 0000:04:00.2: [1022:1498] type 00 class 0x108000
[    0.677041] pci 0000:04:00.2: reg 0x18: [mem 0xf7100000-0xf717ffff]
[    0.677057] pci 0000:04:00.2: reg 0x24: [mem 0xf7180000-0xf7181fff]
[    0.677067] pci 0000:04:00.2: enabling Extended Tags
[    0.677175] pci 0000:04:00.3: [1022:148c] type 00 class 0x0c0330
[    0.677188] pci 0000:04:00.3: reg 0x10: [mem 0xf7000000-0xf70fffff 64bit]
[    0.677218] pci 0000:04:00.3: enabling Extended Tags
[    0.677263] pci 0000:04:00.3: PME# supported from D0 D3hot D3cold
[    0.677331] pci 0000:00:08.1: PCI bridge to [bus 04]
[    0.677336] pci 0000:00:08.1:   bridge window [mem 0xf7000000-0xf71fffff]
[    0.677658] ACPI: PCI Root Bridge [PC01] (domain 0000 [bus 40-7f])
[    0.677662] acpi PNP0A08:01: _OSC: OS supports [ExtendedConfig ASPM ClockPM Segments MSI HPX-Type3]
[    0.677715] acpi PNP0A08:01: _OSC: platform does not support [SHPCHotplug AER]
[    0.677762] acpi PNP0A08:01: _OSC: OS now controls [PCIeHotplug PME PCIeCapability LTR]
[    0.677764] acpi PNP0A08:01: FADT indicates ASPM is unsupported, using BIOS configuration
[    0.677944] PCI host bridge to bus 0000:40
[    0.677946] pci_bus 0000:40: root bus resource [io  0x4000-0x6fff window]
[    0.677948] pci_bus 0000:40: root bus resource [mem 0x90000000-0xaaffffff window]
[    0.677949] pci_bus 0000:40: root bus resource [mem 0x47e80000000-0x63dbfffffff window]
[    0.677951] pci_bus 0000:40: root bus resource [bus 40-7f]
[    0.677966] pci 0000:40:00.0: [1022:1480] type 00 class 0x060000
[    0.678033] pci 0000:40:00.2: [1022:164f] type 00 class 0x080600
[    0.678109] pci 0000:40:01.0: [1022:1482] type 00 class 0x060000
[    0.678178] pci 0000:40:01.1: [1022:1483] type 01 class 0x060400
[    0.678249] pci 0000:40:01.1: PME# supported from D0 D3hot D3cold
[    0.678488] pci 0000:40:02.0: [1022:1482] type 00 class 0x060000
[    0.678547] pci 0000:40:03.0: [1022:1482] type 00 class 0x060000
[    0.678617] pci 0000:40:03.1: [1022:1483] type 01 class 0x060400
[    0.678688] pci 0000:40:03.1: PME# supported from D0 D3hot D3cold
[    0.678975] pci 0000:40:03.2: [1022:1483] type 01 class 0x060400
[    0.679047] pci 0000:40:03.2: PME# supported from D0 D3hot D3cold
[    0.679293] pci 0000:40:03.3: [1022:1483] type 01 class 0x060400
[    0.679365] pci 0000:40:03.3: PME# supported from D0 D3hot D3cold
[    0.679608] pci 0000:40:03.4: [1022:1483] type 01 class 0x060400
[    0.679679] pci 0000:40:03.4: PME# supported from D0 D3hot D3cold
[    0.679910] pci 0000:40:04.0: [1022:1482] type 00 class 0x060000
[    0.679968] pci 0000:40:05.0: [1022:1482] type 00 class 0x060000
[    0.680025] pci 0000:40:07.0: [1022:1482] type 00 class 0x060000
[    0.680094] pci 0000:40:07.1: [1022:1484] type 01 class 0x060400
[    0.680119] pci 0000:40:07.1: enabling Extended Tags
[    0.680158] pci 0000:40:07.1: PME# supported from D0 D3hot D3cold
[    0.680218] pci 0000:40:08.0: [1022:1482] type 00 class 0x060000
[    0.680284] pci 0000:40:08.1: [1022:1484] type 01 class 0x060400
[    0.680310] pci 0000:40:08.1: enabling Extended Tags
[    0.680350] pci 0000:40:08.1: PME# supported from D0 D3hot D3cold
[    0.680478] pci 0000:41:00.0: [1077:2281] type 00 class 0x0c0400
[    0.680504] pci 0000:41:00.0: reg 0x10: [mem 0x90205000-0x90205fff 64bit pref]
[    0.680522] pci 0000:41:00.0: reg 0x18: [mem 0x90202000-0x90203fff 64bit pref]
[    0.680541] pci 0000:41:00.0: reg 0x20: [mem 0x90100000-0x901fffff 64bit pref]
[    0.680553] pci 0000:41:00.0: reg 0x30: [mem 0xfffc0000-0xffffffff pref]
[    0.680785] pci 0000:41:00.1: [1077:2281] type 00 class 0x0c0400
[    0.680811] pci 0000:41:00.1: reg 0x10: [mem 0x90204000-0x90204fff 64bit pref]
[    0.680829] pci 0000:41:00.1: reg 0x18: [mem 0x90200000-0x90201fff 64bit pref]
[    0.680847] pci 0000:41:00.1: reg 0x20: [mem 0x90000000-0x900fffff 64bit pref]
[    0.680859] pci 0000:41:00.1: reg 0x30: [mem 0xfffc0000-0xffffffff pref]
[    0.681055] pci 0000:40:01.1: PCI bridge to [bus 41]
[    0.681062] pci 0000:40:01.1:   bridge window [mem 0x90000000-0x902fffff 64bit pref]
[    0.681102] pci 0000:40:03.1: PCI bridge to [bus 42]
[    0.681107] pci 0000:40:03.1:   bridge window [mem 0xa4400000-0xa47fffff]
[    0.681148] pci 0000:40:03.2: PCI bridge to [bus 43]
[    0.681153] pci 0000:40:03.2:   bridge window [mem 0xa4000000-0xa43fffff]
[    0.681249] pci 0000:44:00.0: [144d:a824] type 00 class 0x010802
[    0.681268] pci 0000:44:00.0: reg 0x10: [mem 0xa4d00000-0xa4d07fff 64bit]
[    0.682130] pci 0000:44:00.0: 31.504 Gb/s available PCIe bandwidth, limited by 8.0 GT/s PCIe x4 link at 0000:40:03.3 (capable of 63.012 Gb/s with 16.0 GT/s PCIe x4 link)
[    0.682342] pci 0000:40:03.3: PCI bridge to [bus 44]
[    0.682347] pci 0000:40:03.3:   bridge window [mem 0xa4d00000-0xa4dfffff]
[    0.682448] pci 0000:45:00.0: [144d:a824] type 00 class 0x010802
[    0.682467] pci 0000:45:00.0: reg 0x10: [mem 0xa4c00000-0xa4c07fff 64bit]
[    0.683322] pci 0000:45:00.0: 31.504 Gb/s available PCIe bandwidth, limited by 8.0 GT/s PCIe x4 link at 0000:40:03.4 (capable of 63.012 Gb/s with 16.0 GT/s PCIe x4 link)
[    0.683530] pci 0000:40:03.4: PCI bridge to [bus 45]
[    0.683536] pci 0000:40:03.4:   bridge window [mem 0xa4c00000-0xa4cfffff]
[    0.683585] pci 0000:46:00.0: [1022:148a] type 00 class 0x130000
[    0.683624] pci 0000:46:00.0: enabling Extended Tags
[    0.683725] pci 0000:46:00.2: [1022:1498] type 00 class 0x108000
[    0.683744] pci 0000:46:00.2: reg 0x18: [mem 0xa4b00000-0xa4b7ffff]
[    0.683758] pci 0000:46:00.2: reg 0x24: [mem 0xa4b80000-0xa4b81fff]
[    0.683767] pci 0000:46:00.2: enabling Extended Tags
[    0.683865] pci 0000:40:07.1: PCI bridge to [bus 46]
[    0.683870] pci 0000:40:07.1:   bridge window [mem 0xa4b00000-0xa4bfffff]
[    0.683933] pci 0000:47:00.0: [1022:1485] type 00 class 0x130000
[    0.683975] pci 0000:47:00.0: enabling Extended Tags
[    0.684095] pci 0000:47:00.1: [1022:1486] type 00 class 0x108000
[    0.684115] pci 0000:47:00.1: reg 0x18: [mem 0xa4900000-0xa49fffff]
[    0.684130] pci 0000:47:00.1: reg 0x24: [mem 0xa4a82000-0xa4a83fff]
[    0.684140] pci 0000:47:00.1: enabling Extended Tags
[    0.684245] pci 0000:47:00.2: [1022:1498] type 00 class 0x108000
[    0.684265] pci 0000:47:00.2: reg 0x18: [mem 0xa4a00000-0xa4a7ffff]
[    0.684281] pci 0000:47:00.2: reg 0x24: [mem 0xa4a80000-0xa4a81fff]
[    0.684291] pci 0000:47:00.2: enabling Extended Tags
[    0.684395] pci 0000:47:00.3: [1022:148c] type 00 class 0x0c0330
[    0.684408] pci 0000:47:00.3: reg 0x10: [mem 0xa4800000-0xa48fffff 64bit]
[    0.684438] pci 0000:47:00.3: enabling Extended Tags
[    0.684481] pci 0000:47:00.3: PME# supported from D0 D3hot D3cold
[    0.684550] pci 0000:40:08.1: PCI bridge to [bus 47]
[    0.684555] pci 0000:40:08.1:   bridge window [mem 0xa4800000-0xa4afffff]
[    0.684735] ACPI: PCI Root Bridge [PC02] (domain 0000 [bus 80-bf])
[    0.684738] acpi PNP0A08:02: _OSC: OS supports [ExtendedConfig ASPM ClockPM Segments MSI HPX-Type3]
[    0.684794] acpi PNP0A08:02: _OSC: platform does not support [SHPCHotplug AER]
[    0.684842] acpi PNP0A08:02: _OSC: OS now controls [PCIeHotplug PME PCIeCapability LTR]
[    0.684844] acpi PNP0A08:02: FADT indicates ASPM is unsupported, using BIOS configuration
[    0.685020] PCI host bridge to bus 0000:80
[    0.685021] pci_bus 0000:80: root bus resource [io  0x7000-0x9fff window]
[    0.685023] pci_bus 0000:80: root bus resource [mem 0xab000000-0xc5ffffff window]
[    0.685025] pci_bus 0000:80: root bus resource [mem 0x2bf40000000-0x47e7fffffff window]
[    0.685028] pci_bus 0000:80: root bus resource [bus 80-bf]
[    0.685043] pci 0000:80:00.0: [1022:1480] type 00 class 0x060000
[    0.685109] pci 0000:80:00.2: [1022:164f] type 00 class 0x080600
[    0.685185] pci 0000:80:01.0: [1022:1482] type 00 class 0x060000
[    0.685256] pci 0000:80:01.1: [1022:1483] type 01 class 0x060400
[    0.685340] pci 0000:80:01.1: PME# supported from D0 D3hot D3cold
[    0.685640] pci 0000:80:01.2: [1022:1483] type 01 class 0x060400
[    0.685724] pci 0000:80:01.2: PME# supported from D0 D3hot D3cold
[    0.685963] pci 0000:80:02.0: [1022:1482] type 00 class 0x060000
[    0.686023] pci 0000:80:03.0: [1022:1482] type 00 class 0x060000
[    0.686081] pci 0000:80:04.0: [1022:1482] type 00 class 0x060000
[    0.686138] pci 0000:80:05.0: [1022:1482] type 00 class 0x060000
[    0.686195] pci 0000:80:07.0: [1022:1482] type 00 class 0x060000
[    0.686262] pci 0000:80:07.1: [1022:1484] type 01 class 0x060400
[    0.686287] pci 0000:80:07.1: enabling Extended Tags
[    0.686327] pci 0000:80:07.1: PME# supported from D0 D3hot D3cold
[    0.686389] pci 0000:80:08.0: [1022:1482] type 00 class 0x060000
[    0.686456] pci 0000:80:08.1: [1022:1484] type 01 class 0x060400
[    0.686482] pci 0000:80:08.1: enabling Extended Tags
[    0.686524] pci 0000:80:08.1: PME# supported from D0 D3hot D3cold
[    0.686600] pci 0000:80:08.2: [1022:1484] type 01 class 0x060400
[    0.686626] pci 0000:80:08.2: enabling Extended Tags
[    0.686667] pci 0000:80:08.2: PME# supported from D0 D3hot D3cold
[    0.686770] pci 0000:80:01.1: PCI bridge to [bus 81]
[    0.686775] pci 0000:80:01.1:   bridge window [mem 0xbf400000-0xbf7fffff]
[    0.686818] pci 0000:80:01.2: PCI bridge to [bus 82]
[    0.686823] pci 0000:80:01.2:   bridge window [mem 0xbf000000-0xbf3fffff]
[    0.686869] pci 0000:83:00.0: [1022:148a] type 00 class 0x130000
[    0.686908] pci 0000:83:00.0: enabling Extended Tags
[    0.687008] pci 0000:83:00.2: [1022:1498] type 00 class 0x108000
[    0.687028] pci 0000:83:00.2: reg 0x18: [mem 0xbfa00000-0xbfa7ffff]
[    0.687042] pci 0000:83:00.2: reg 0x24: [mem 0xbfa80000-0xbfa81fff]
[    0.687052] pci 0000:83:00.2: enabling Extended Tags
[    0.687152] pci 0000:80:07.1: PCI bridge to [bus 83]
[    0.687156] pci 0000:80:07.1:   bridge window [mem 0xbfa00000-0xbfafffff]
[    0.687220] pci 0000:84:00.0: [1022:1485] type 00 class 0x130000
[    0.687263] pci 0000:84:00.0: enabling Extended Tags
[    0.687383] pci 0000:84:00.2: [1022:1498] type 00 class 0x108000
[    0.687403] pci 0000:84:00.2: reg 0x18: [mem 0xbf900000-0xbf97ffff]
[    0.687419] pci 0000:84:00.2: reg 0x24: [mem 0xbf980000-0xbf981fff]
[    0.687429] pci 0000:84:00.2: enabling Extended Tags
[    0.687534] pci 0000:80:08.1: PCI bridge to [bus 84]
[    0.687538] pci 0000:80:08.1:   bridge window [mem 0xbf900000-0xbf9fffff]
[    0.687604] pci 0000:85:00.0: [1022:7901] type 00 class 0x010601
[    0.687638] pci 0000:85:00.0: reg 0x24: [mem 0xbf800000-0xbf8007ff]
[    0.687649] pci 0000:85:00.0: enabling Extended Tags
[    0.687703] pci 0000:85:00.0: PME# supported from D3hot D3cold
[    0.687777] pci 0000:80:08.2: PCI bridge to [bus 85]
[    0.687782] pci 0000:80:08.2:   bridge window [mem 0xbf800000-0xbf8fffff]
[    0.687943] ACPI: PCI Root Bridge [PC03] (domain 0000 [bus c0-ff])
[    0.687946] acpi PNP0A08:03: _OSC: OS supports [ExtendedConfig ASPM ClockPM Segments MSI HPX-Type3]
[    0.688000] acpi PNP0A08:03: _OSC: platform does not support [SHPCHotplug AER]
[    0.688050] acpi PNP0A08:03: _OSC: OS now controls [PCIeHotplug PME PCIeCapability LTR]
[    0.688052] acpi PNP0A08:03: FADT indicates ASPM is unsupported, using BIOS configuration
[    0.688239] PCI host bridge to bus 0000:c0
[    0.688241] pci_bus 0000:c0: root bus resource [io  0x03b0-0x03df window]
[    0.688242] pci_bus 0000:c0: root bus resource [mem 0x000a0000-0x000bffff window]
[    0.688244] pci_bus 0000:c0: root bus resource [io  0xa000-0xffff window]
[    0.688245] pci_bus 0000:c0: root bus resource [mem 0xc6000000-0xe0ffffff window]
[    0.688247] pci_bus 0000:c0: root bus resource [mem 0x10000000000-0x2bf3fffffff window]
[    0.688249] pci_bus 0000:c0: root bus resource [bus c0-ff]
[    0.688264] pci 0000:c0:00.0: [1022:1480] type 00 class 0x060000
[    0.688330] pci 0000:c0:00.2: [1022:164f] type 00 class 0x080600
[    0.688405] pci 0000:c0:01.0: [1022:1482] type 00 class 0x060000
[    0.688475] pci 0000:c0:01.1: [1022:1483] type 01 class 0x060400
[    0.688544] pci 0000:c0:01.1: PME# supported from D0 D3hot D3cold
[    0.688784] pci 0000:c0:02.0: [1022:1482] type 00 class 0x060000
[    0.688843] pci 0000:c0:03.0: [1022:1482] type 00 class 0x060000
[    0.688915] pci 0000:c0:03.1: [1022:1483] type 01 class 0x060400
[    0.688995] pci 0000:c0:03.1: PME# supported from D0 D3hot D3cold
[    0.689288] pci 0000:c0:03.2: [1022:1483] type 01 class 0x060400
[    0.689370] pci 0000:c0:03.2: PME# supported from D0 D3hot D3cold
[    0.689624] pci 0000:c0:03.3: [1022:1483] type 01 class 0x060400
[    0.689705] pci 0000:c0:03.3: PME# supported from D0 D3hot D3cold
[    0.689957] pci 0000:c0:03.4: [1022:1483] type 01 class 0x060400
[    0.690038] pci 0000:c0:03.4: PME# supported from D0 D3hot D3cold
[    0.690274] pci 0000:c0:04.0: [1022:1482] type 00 class 0x060000
[    0.690333] pci 0000:c0:05.0: [1022:1482] type 00 class 0x060000
[    0.690400] pci 0000:c0:05.1: [1022:149a] type 01 class 0x060400
[    0.690457] pci 0000:c0:05.1: PME# supported from D0 D3hot D3cold
[    0.690523] pci 0000:c0:05.2: [1022:149a] type 01 class 0x060400
[    0.690581] pci 0000:c0:05.2: PME# supported from D0 D3hot D3cold
[    0.690637] pci 0000:c0:07.0: [1022:1482] type 00 class 0x060000
[    0.690705] pci 0000:c0:07.1: [1022:1484] type 01 class 0x060400
[    0.690729] pci 0000:c0:07.1: enabling Extended Tags
[    0.690767] pci 0000:c0:07.1: PME# supported from D0 D3hot D3cold
[    0.690828] pci 0000:c0:08.0: [1022:1482] type 00 class 0x060000
[    0.690896] pci 0000:c0:08.1: [1022:1484] type 01 class 0x060400
[    0.690921] pci 0000:c0:08.1: enabling Extended Tags
[    0.690961] pci 0000:c0:08.1: PME# supported from D0 D3hot D3cold
[    0.691077] pci 0000:c4:00.0: [8086:1572] type 00 class 0x020000
[    0.691093] pci 0000:c4:00.0: reg 0x10: [mem 0xc8000000-0xc8ffffff 64bit pref]
[    0.691110] pci 0000:c4:00.0: reg 0x1c: [mem 0xc9008000-0xc900ffff 64bit pref]
[    0.691124] pci 0000:c4:00.0: reg 0x30: [mem 0xfff80000-0xffffffff pref]
[    0.691187] pci 0000:c4:00.0: PME# supported from D0 D3hot D3cold
[    0.691282] pci 0000:c4:00.1: [8086:1572] type 00 class 0x020000
[    0.691298] pci 0000:c4:00.1: reg 0x10: [mem 0xc7000000-0xc7ffffff 64bit pref]
[    0.691315] pci 0000:c4:00.1: reg 0x1c: [mem 0xc9000000-0xc9007fff 64bit pref]
[    0.691329] pci 0000:c4:00.1: reg 0x30: [mem 0xfff80000-0xffffffff pref]
[    0.691388] pci 0000:c4:00.1: PME# supported from D0 D3hot D3cold
[    0.691488] pci 0000:c0:01.1: PCI bridge to [bus c4]
[    0.691495] pci 0000:c0:01.1:   bridge window [mem 0xc7000000-0xc90fffff 64bit pref]
[    0.691535] pci 0000:c0:03.1: PCI bridge to [bus c5]
[    0.691540] pci 0000:c0:03.1:   bridge window [mem 0xdb600000-0xdb9fffff]
[    0.691583] pci 0000:c0:03.2: PCI bridge to [bus c6]
[    0.691588] pci 0000:c0:03.2:   bridge window [mem 0xdb200000-0xdb5fffff]
[    0.691631] pci 0000:c0:03.3: PCI bridge to [bus c7]
[    0.691636] pci 0000:c0:03.3:   bridge window [mem 0xdae00000-0xdb1fffff]
[    0.691677] pci 0000:c0:03.4: PCI bridge to [bus c8]
[    0.691682] pci 0000:c0:03.4:   bridge window [mem 0xdaa00000-0xdadfffff]
[    0.691740] pci 0000:c1:00.0: [14e4:165f] type 00 class 0x020000
[    0.691760] pci 0000:c1:00.0: reg 0x10: [mem 0xc9130000-0xc913ffff 64bit pref]
[    0.691774] pci 0000:c1:00.0: reg 0x18: [mem 0xc9140000-0xc914ffff 64bit pref]
[    0.691788] pci 0000:c1:00.0: reg 0x20: [mem 0xc9150000-0xc915ffff 64bit pref]
[    0.691797] pci 0000:c1:00.0: reg 0x30: [mem 0xfffc0000-0xffffffff pref]
[    0.691876] pci 0000:c1:00.0: PME# supported from D0 D3hot D3cold
[    0.691918] pci 0000:c1:00.0: 4.000 Gb/s available PCIe bandwidth, limited by 5.0 GT/s PCIe x1 link at 0000:c0:05.1 (capable of 8.000 Gb/s with 5.0 GT/s PCIe x2 link)
[    0.692131] pci 0000:c1:00.1: [14e4:165f] type 00 class 0x020000
[    0.692151] pci 0000:c1:00.1: reg 0x10: [mem 0xc9100000-0xc910ffff 64bit pref]
[    0.692165] pci 0000:c1:00.1: reg 0x18: [mem 0xc9110000-0xc911ffff 64bit pref]
[    0.692179] pci 0000:c1:00.1: reg 0x20: [mem 0xc9120000-0xc912ffff 64bit pref]
[    0.692189] pci 0000:c1:00.1: reg 0x30: [mem 0xfffc0000-0xffffffff pref]
[    0.692267] pci 0000:c1:00.1: PME# supported from D0 D3hot D3cold
[    0.692485] pci 0000:c0:05.1: PCI bridge to [bus c1]
[    0.692492] pci 0000:c0:05.1:   bridge window [mem 0xc9100000-0xc91fffff 64bit pref]
[    0.692535] pci 0000:c2:00.0: [1556:be00] type 01 class 0x060400
[    0.695594] pci 0000:c0:05.2: PCI bridge to [bus c2-c3]
[    0.695601] pci 0000:c0:05.2:   bridge window [mem 0xda000000-0xda8fffff]
[    0.695606] pci 0000:c0:05.2:   bridge window [mem 0xc6000000-0xc6ffffff 64bit pref]
[    0.695637] pci_bus 0000:c3: extended config space not accessible
[    0.695658] pci 0000:c3:00.0: [102b:0536] type 00 class 0x030000
[    0.695678] pci 0000:c3:00.0: reg 0x10: [mem 0xc6000000-0xc6ffffff pref]
[    0.695690] pci 0000:c3:00.0: reg 0x14: [mem 0xda808000-0xda80bfff]
[    0.695701] pci 0000:c3:00.0: reg 0x18: [mem 0xda000000-0xda7fffff]
[    0.695747] pci 0000:c3:00.0: BAR 0: assigned to efifb
[    0.695845] pci 0000:c2:00.0: PCI bridge to [bus c3]
[    0.695854] pci 0000:c2:00.0:   bridge window [mem 0xda000000-0xda8fffff]
[    0.695861] pci 0000:c2:00.0:   bridge window [mem 0xc6000000-0xc6ffffff 64bit pref]
[    0.695929] pci 0000:c9:00.0: [1022:148a] type 00 class 0x130000
[    0.695975] pci 0000:c9:00.0: enabling Extended Tags
[    0.696101] pci 0000:c9:00.2: [1022:1498] type 00 class 0x108000
[    0.696123] pci 0000:c9:00.2: reg 0x18: [mem 0xdbb00000-0xdbb7ffff]
[    0.696141] pci 0000:c9:00.2: reg 0x24: [mem 0xdbb80000-0xdbb81fff]
[    0.696152] pci 0000:c9:00.2: enabling Extended Tags
[    0.696252] pci 0000:c0:07.1: PCI bridge to [bus c9]
[    0.696256] pci 0000:c0:07.1:   bridge window [mem 0xdbb00000-0xdbbfffff]
[    0.696320] pci 0000:ca:00.0: [1022:1485] type 00 class 0x130000
[    0.696361] pci 0000:ca:00.0: enabling Extended Tags
[    0.696477] pci 0000:ca:00.2: [1022:1498] type 00 class 0x108000
[    0.696497] pci 0000:ca:00.2: reg 0x18: [mem 0xdba00000-0xdba7ffff]
[    0.696512] pci 0000:ca:00.2: reg 0x24: [mem 0xdba80000-0xdba81fff]
[    0.696522] pci 0000:ca:00.2: enabling Extended Tags
[    0.696626] pci 0000:c0:08.1: PCI bridge to [bus ca]
[    0.696631] pci 0000:c0:08.1:   bridge window [mem 0xdba00000-0xdbafffff]
[    0.699789] iommu: Default domain type: Translated 
[    0.699789] iommu: DMA domain TLB invalidation policy: lazy mode 
[    0.699789] pci 0000:c3:00.0: vgaarb: setting as boot VGA device
[    0.699789] pci 0000:c3:00.0: vgaarb: VGA device added: decodes=io+mem,owns=io+mem,locks=none
[    0.699789] pci 0000:c3:00.0: vgaarb: bridge control possible
[    0.699789] vgaarb: loaded
[    0.699789] SCSI subsystem initialized
[    0.699789] libata version 3.00 loaded.
[    0.699789] ACPI: bus type USB registered
[    0.699789] usbcore: registered new interface driver usbfs
[    0.699789] usbcore: registered new interface driver hub
[    0.699789] usbcore: registered new device driver usb
[    0.699789] pps_core: LinuxPPS API ver. 1 registered
[    0.699789] pps_core: Software ver. 5.3.6 - Copyright 2005-2007 Rodolfo Giometti <giometti@linux.it>
[    0.699789] PTP clock support registered
[    0.699789] EDAC MC: Ver: 3.0.0
[    0.699789] Registered efivars operations
[    0.699789] NetLabel: Initializing
[    0.699789] NetLabel:  domain hash size = 128
[    0.699789] NetLabel:  protocols = UNLABELED CIPSOv4 CALIPSO
[    0.699789] NetLabel:  unlabeled traffic allowed by default
[    0.699789] PCI: Using ACPI for IRQ routing
[    0.703892] PCI: pci_cache_line_size set to 64 bytes
[    0.704045] Expanded resource Reserved due to conflict with PCI Bus 0000:00
[    0.704047] e820: reserve RAM buffer [mem 0x0008f000-0x0008ffff]
[    0.704048] e820: reserve RAM buffer [mem 0x3cad1020-0x3fffffff]
[    0.704050] e820: reserve RAM buffer [mem 0x3cada020-0x3fffffff]
[    0.704052] e820: reserve RAM buffer [mem 0x3cb0d020-0x3fffffff]
[    0.704053] e820: reserve RAM buffer [mem 0x3cb40020-0x3fffffff]
[    0.704054] e820: reserve RAM buffer [mem 0x3cba1020-0x3fffffff]
[    0.704055] e820: reserve RAM buffer [mem 0x3cc02020-0x3fffffff]
[    0.704056] e820: reserve RAM buffer [mem 0x3cc29020-0x3fffffff]
[    0.704057] e820: reserve RAM buffer [mem 0x3cc50020-0x3fffffff]
[    0.704058] e820: reserve RAM buffer [mem 0x3cc96020-0x3fffffff]
[    0.704058] e820: reserve RAM buffer [mem 0x3ccc9020-0x3fffffff]
[    0.704059] e820: reserve RAM buffer [mem 0x5a160000-0x5bffffff]
[    0.704060] e820: reserve RAM buffer [mem 0x67acf000-0x67ffffff]
[    0.704060] e820: reserve RAM buffer [mem 0x6f000000-0x6fffffff]
[    0.704061] e820: reserve RAM buffer [mem 0x407f100000-0x407fffffff]
[    0.704065] wmi_bus wmi_bus-PNP0C14:00: WQBC data block query control method not found
[    0.704065] hpet0: at MMIO 0xfed00000, IRQs 2, 8, 0
[    0.704065] hpet0: 3 comparators, 32-bit 14.318180 MHz counter
[    0.705647] clocksource: Switched to clocksource tsc-early
[    0.711612] FS-Cache: Loaded
[    0.711647] CacheFiles: Loaded
[    0.711656] pnp: PnP ACPI init
[    0.711741] system 00:00: [mem 0x80000000-0x8fffffff] has been reserved
[    0.711773] system 00:01: [mem 0xff000000-0xffffffff] has been reserved
[    0.712135] pnp: PnP ACPI: found 5 devices
[    0.717751] clocksource: acpi_pm: mask: 0xffffff max_cycles: 0xffffff, max_idle_ns: 2085701024 ns
[    0.717790] NET: Registered PF_INET protocol family
[    0.717903] IP idents hash table entries: 262144 (order: 9, 2097152 bytes, linear)
[    0.718677] tcp_listen_portaddr_hash hash table entries: 65536 (order: 8, 1048576 bytes, linear)
[    0.718755] TCP established hash table entries: 524288 (order: 10, 4194304 bytes, linear)
[    0.719067] TCP bind hash table entries: 65536 (order: 8, 1048576 bytes, linear)
[    0.719134] TCP: Hash tables configured (established 524288 bind 65536)
[    0.719168] UDP hash table entries: 65536 (order: 9, 2097152 bytes, linear)
[    0.719318] UDP-Lite hash table entries: 65536 (order: 9, 2097152 bytes, linear)
[    0.719555] NET: Registered PF_UNIX/PF_LOCAL protocol family
[    0.719640] RPC: Registered named UNIX socket transport module.
[    0.719641] RPC: Registered udp transport module.
[    0.719642] RPC: Registered tcp transport module.
[    0.719643] RPC: Registered tcp NFSv4.1 backchannel transport module.
[    0.719645] pci 0000:02:00.0: can't claim BAR 6 [mem 0xfffc0000-0xffffffff pref]: no compatible bridge window
[    0.719648] pci 0000:02:00.1: can't claim BAR 6 [mem 0xfffc0000-0xffffffff pref]: no compatible bridge window
[    0.719650] pci 0000:01:00.0: can't claim BAR 6 [mem 0xfff00000-0xffffffff pref]: no compatible bridge window
[    0.719652] pci 0000:41:00.0: can't claim BAR 6 [mem 0xfffc0000-0xffffffff pref]: no compatible bridge window
[    0.719654] pci 0000:41:00.1: can't claim BAR 6 [mem 0xfffc0000-0xffffffff pref]: no compatible bridge window
[    0.719656] pci 0000:c4:00.0: can't claim BAR 6 [mem 0xfff80000-0xffffffff pref]: no compatible bridge window
[    0.719658] pci 0000:c4:00.1: can't claim BAR 6 [mem 0xfff80000-0xffffffff pref]: no compatible bridge window
[    0.719660] pci 0000:c1:00.0: can't claim BAR 6 [mem 0xfffc0000-0xffffffff pref]: no compatible bridge window
[    0.719662] pci 0000:c1:00.1: can't claim BAR 6 [mem 0xfffc0000-0xffffffff pref]: no compatible bridge window
[    0.719664] pci_bus 0000:00: max bus depth: 1 pci_try_num: 2
[    0.719671] pci 0000:00:03.1: BAR 14: assigned [mem 0xe1100000-0xe11fffff]
[    0.719674] pci 0000:02:00.0: BAR 6: assigned [mem 0xe1100000-0xe113ffff pref]
[    0.719676] pci 0000:02:00.1: BAR 6: assigned [mem 0xe1140000-0xe117ffff pref]
[    0.719678] pci 0000:00:03.1: PCI bridge to [bus 02]
[    0.719682] pci 0000:00:03.1:   bridge window [mem 0xe1100000-0xe11fffff]
[    0.719685] pci 0000:00:03.1:   bridge window [mem 0xe1000000-0xe10fffff 64bit pref]
[    0.719689] pci 0000:01:00.0: BAR 6: no space for [mem size 0x00100000 pref]
[    0.719691] pci 0000:01:00.0: BAR 6: failed to assign [mem size 0x00100000 pref]
[    0.719693] pci 0000:01:00.0: BAR 9: no space for [mem size 0x01000000 64bit]
[    0.719695] pci 0000:01:00.0: BAR 9: failed to assign [mem size 0x01000000 64bit]
[    0.719696] pci 0000:01:00.0: BAR 7: no space for [mem size 0x00100000 64bit]
[    0.719698] pci 0000:01:00.0: BAR 7: failed to assign [mem size 0x00100000 64bit]
[    0.719700] pci 0000:00:03.2: PCI bridge to [bus 01]
[    0.719702] pci 0000:00:03.2:   bridge window [io  0x1000-0x1fff]
[    0.719705] pci 0000:00:03.2:   bridge window [mem 0xf7300000-0xf74fffff]
[    0.719710] pci 0000:00:07.1: PCI bridge to [bus 03]
[    0.719713] pci 0000:00:07.1:   bridge window [mem 0xf7200000-0xf72fffff]
[    0.719718] pci 0000:00:08.1: PCI bridge to [bus 04]
[    0.719721] pci 0000:00:08.1:   bridge window [mem 0xf7000000-0xf71fffff]
[    0.719727] pci_bus 0000:00: No. 2 try to assign unassigned res
[    0.719728] release child resource [mem 0xf7300000-0xf73fffff 64bit]
[    0.719729] release child resource [mem 0xf7400000-0xf740ffff 64bit]
[    0.719729] pci 0000:00:03.2: resource 14 [mem 0xf7300000-0xf74fffff] released
[    0.719731] pci 0000:00:03.2: PCI bridge to [bus 01]
[    0.719734] pci 0000:00:03.2: bridge window [mem 0x00100000-0x002fffff] to [bus 01] add_size 1100000 add_align 100000
[    0.719739] pci 0000:00:03.2: BAR 14: assigned [mem 0xe1200000-0xe24fffff]
[    0.719741] pci 0000:00:03.1: PCI bridge to [bus 02]
[    0.719744] pci 0000:00:03.1:   bridge window [mem 0xe1100000-0xe11fffff]
[    0.719747] pci 0000:00:03.1:   bridge window [mem 0xe1000000-0xe10fffff 64bit pref]
[    0.719752] pci 0000:01:00.0: BAR 3: assigned [mem 0xe1200000-0xe12fffff 64bit]
[    0.719759] pci 0000:01:00.0: BAR 9: assigned [mem 0xe1300000-0xe22fffff 64bit]
[    0.719763] pci 0000:01:00.0: BAR 1: assigned [mem 0xe2300000-0xe230ffff 64bit]
[    0.719770] pci 0000:01:00.0: BAR 7: assigned [mem 0xe2310000-0xe240ffff 64bit]
[    0.719774] pci 0000:00:03.2: PCI bridge to [bus 01]
[    0.719776] pci 0000:00:03.2:   bridge window [io  0x1000-0x1fff]
[    0.719779] pci 0000:00:03.2:   bridge window [mem 0xe1200000-0xe24fffff]
[    0.719784] pci 0000:00:07.1: PCI bridge to [bus 03]
[    0.719787] pci 0000:00:07.1:   bridge window [mem 0xf7200000-0xf72fffff]
[    0.719792] pci 0000:00:08.1: PCI bridge to [bus 04]
[    0.719795] pci 0000:00:08.1:   bridge window [mem 0xf7000000-0xf71fffff]
[    0.719801] pci_bus 0000:00: resource 4 [io  0x0000-0x03af window]
[    0.719802] pci_bus 0000:00: resource 5 [io  0x03e0-0x0cf7 window]
[    0.719803] pci_bus 0000:00: resource 6 [mem 0x000c0000-0x000c3fff window]
[    0.719805] pci_bus 0000:00: resource 7 [mem 0x000c4000-0x000c7fff window]
[    0.719806] pci_bus 0000:00: resource 8 [mem 0x000c8000-0x000cbfff window]
[    0.719808] pci_bus 0000:00: resource 9 [mem 0x000cc000-0x000cffff window]
[    0.719809] pci_bus 0000:00: resource 10 [mem 0x000d0000-0x000d3fff window]
[    0.719810] pci_bus 0000:00: resource 11 [mem 0x000d4000-0x000d7fff window]
[    0.719812] pci_bus 0000:00: resource 12 [mem 0x000d8000-0x000dbfff window]
[    0.719813] pci_bus 0000:00: resource 13 [mem 0x000dc000-0x000dffff window]
[    0.719814] pci_bus 0000:00: resource 14 [mem 0x000e0000-0x000e3fff window]
[    0.719816] pci_bus 0000:00: resource 15 [mem 0x000e4000-0x000e7fff window]
[    0.719817] pci_bus 0000:00: resource 16 [mem 0x000e8000-0x000ebfff window]
[    0.719818] pci_bus 0000:00: resource 17 [mem 0x000ec000-0x000effff window]
[    0.719820] pci_bus 0000:00: resource 18 [mem 0x000f0000-0x000fffff window]
[    0.719821] pci_bus 0000:00: resource 19 [io  0x0d00-0x3fff window]
[    0.719822] pci_bus 0000:00: resource 20 [mem 0xe1000000-0xfebfffff window]
[    0.719824] pci_bus 0000:00: resource 21 [mem 0x63dc0000000-0x7fcffffffff window]
[    0.719825] pci_bus 0000:02: resource 1 [mem 0xe1100000-0xe11fffff]
[    0.719827] pci_bus 0000:02: resource 2 [mem 0xe1000000-0xe10fffff 64bit pref]
[    0.719829] pci_bus 0000:01: resource 0 [io  0x1000-0x1fff]
[    0.719830] pci_bus 0000:01: resource 1 [mem 0xe1200000-0xe24fffff]
[    0.719831] pci_bus 0000:03: resource 1 [mem 0xf7200000-0xf72fffff]
[    0.719833] pci_bus 0000:04: resource 1 [mem 0xf7000000-0xf71fffff]
[    0.719848] pci_bus 0000:40: max bus depth: 1 pci_try_num: 2
[    0.719852] pci 0000:40:01.1: BAR 14: assigned [mem 0x90300000-0x903fffff]
[    0.719855] pci 0000:40:03.1: BAR 15: assigned [mem 0x47e80000000-0x47e801fffff 64bit pref]
[    0.719857] pci 0000:40:03.2: BAR 15: assigned [mem 0x47e80200000-0x47e803fffff 64bit pref]
[    0.719859] pci 0000:40:03.3: BAR 15: assigned [mem 0x47e80400000-0x47e805fffff 64bit pref]
[    0.719861] pci 0000:40:03.4: BAR 15: assigned [mem 0x47e80600000-0x47e807fffff 64bit pref]
[    0.719863] pci 0000:40:03.1: BAR 13: assigned [io  0x4000-0x4fff]
[    0.719864] pci 0000:40:03.2: BAR 13: assigned [io  0x5000-0x5fff]
[    0.719866] pci 0000:40:03.3: BAR 13: assigned [io  0x6000-0x6fff]
[    0.719867] pci 0000:40:03.4: BAR 13: no space for [io  size 0x1000]
[    0.719868] pci 0000:40:03.4: BAR 13: failed to assign [io  size 0x1000]
[    0.719870] pci 0000:41:00.0: BAR 6: assigned [mem 0x90300000-0x9033ffff pref]
[    0.719872] pci 0000:41:00.1: BAR 6: assigned [mem 0x90340000-0x9037ffff pref]
[    0.719874] pci 0000:40:01.1: PCI bridge to [bus 41]
[    0.719877] pci 0000:40:01.1:   bridge window [mem 0x90300000-0x903fffff]
[    0.719880] pci 0000:40:01.1:   bridge window [mem 0x90000000-0x902fffff 64bit pref]
[    0.719884] pci 0000:40:03.1: PCI bridge to [bus 42]
[    0.719885] pci 0000:40:03.1:   bridge window [io  0x4000-0x4fff]
[    0.719889] pci 0000:40:03.1:   bridge window [mem 0xa4400000-0xa47fffff]
[    0.719891] pci 0000:40:03.1:   bridge window [mem 0x47e80000000-0x47e801fffff 64bit pref]
[    0.719895] pci 0000:40:03.2: PCI bridge to [bus 43]
[    0.719897] pci 0000:40:03.2:   bridge window [io  0x5000-0x5fff]
[    0.719900] pci 0000:40:03.2:   bridge window [mem 0xa4000000-0xa43fffff]
[    0.719902] pci 0000:40:03.2:   bridge window [mem 0x47e80200000-0x47e803fffff 64bit pref]
[    0.719906] pci 0000:40:03.3: PCI bridge to [bus 44]
[    0.719908] pci 0000:40:03.3:   bridge window [io  0x6000-0x6fff]
[    0.719911] pci 0000:40:03.3:   bridge window [mem 0xa4d00000-0xa4dfffff]
[    0.719914] pci 0000:40:03.3:   bridge window [mem 0x47e80400000-0x47e805fffff 64bit pref]
[    0.719920] pci 0000:40:03.4: PCI bridge to [bus 45]
[    0.719923] pci 0000:40:03.4:   bridge window [mem 0xa4c00000-0xa4cfffff]
[    0.719925] pci 0000:40:03.4:   bridge window [mem 0x47e80600000-0x47e807fffff 64bit pref]
[    0.719929] pci 0000:40:07.1: PCI bridge to [bus 46]
[    0.719932] pci 0000:40:07.1:   bridge window [mem 0xa4b00000-0xa4bfffff]
[    0.719937] pci 0000:40:08.1: PCI bridge to [bus 47]
[    0.719940] pci 0000:40:08.1:   bridge window [mem 0xa4800000-0xa4afffff]
[    0.719945] pci_bus 0000:40: No. 2 try to assign unassigned res
[    0.719948] pci 0000:40:03.4: BAR 13: no space for [io  size 0x1000]
[    0.719949] pci 0000:40:03.4: BAR 13: failed to assign [io  size 0x1000]
[    0.719951] pci 0000:40:01.1: PCI bridge to [bus 41]
[    0.719954] pci 0000:40:01.1:   bridge window [mem 0x90300000-0x903fffff]
[    0.719956] pci 0000:40:01.1:   bridge window [mem 0x90000000-0x902fffff 64bit pref]
[    0.719960] pci 0000:40:03.1: PCI bridge to [bus 42]
[    0.719962] pci 0000:40:03.1:   bridge window [io  0x4000-0x4fff]
[    0.719965] pci 0000:40:03.1:   bridge window [mem 0xa4400000-0xa47fffff]
[    0.719968] pci 0000:40:03.1:   bridge window [mem 0x47e80000000-0x47e801fffff 64bit pref]
[    0.719972] pci 0000:40:03.2: PCI bridge to [bus 43]
[    0.719973] pci 0000:40:03.2:   bridge window [io  0x5000-0x5fff]
[    0.719976] pci 0000:40:03.2:   bridge window [mem 0xa4000000-0xa43fffff]
[    0.719979] pci 0000:40:03.2:   bridge window [mem 0x47e80200000-0x47e803fffff 64bit pref]
[    0.719983] pci 0000:40:03.3: PCI bridge to [bus 44]
[    0.719985] pci 0000:40:03.3:   bridge window [io  0x6000-0x6fff]
[    0.719987] pci 0000:40:03.3:   bridge window [mem 0xa4d00000-0xa4dfffff]
[    0.719990] pci 0000:40:03.3:   bridge window [mem 0x47e80400000-0x47e805fffff 64bit pref]
[    0.719994] pci 0000:40:03.4: PCI bridge to [bus 45]
[    0.719997] pci 0000:40:03.4:   bridge window [mem 0xa4c00000-0xa4cfffff]
[    0.719999] pci 0000:40:03.4:   bridge window [mem 0x47e80600000-0x47e807fffff 64bit pref]
[    0.720004] pci 0000:40:07.1: PCI bridge to [bus 46]
[    0.720006] pci 0000:40:07.1:   bridge window [mem 0xa4b00000-0xa4bfffff]
[    0.720011] pci 0000:40:08.1: PCI bridge to [bus 47]
[    0.720014] pci 0000:40:08.1:   bridge window [mem 0xa4800000-0xa4afffff]
[    0.720019] pci_bus 0000:40: resource 4 [io  0x4000-0x6fff window]
[    0.720020] pci_bus 0000:40: resource 5 [mem 0x90000000-0xaaffffff window]
[    0.720022] pci_bus 0000:40: resource 6 [mem 0x47e80000000-0x63dbfffffff window]
[    0.720024] pci_bus 0000:41: resource 1 [mem 0x90300000-0x903fffff]
[    0.720025] pci_bus 0000:41: resource 2 [mem 0x90000000-0x902fffff 64bit pref]
[    0.720026] pci_bus 0000:42: resource 0 [io  0x4000-0x4fff]
[    0.720028] pci_bus 0000:42: resource 1 [mem 0xa4400000-0xa47fffff]
[    0.720029] pci_bus 0000:42: resource 2 [mem 0x47e80000000-0x47e801fffff 64bit pref]
[    0.720031] pci_bus 0000:43: resource 0 [io  0x5000-0x5fff]
[    0.720032] pci_bus 0000:43: resource 1 [mem 0xa4000000-0xa43fffff]
[    0.720033] pci_bus 0000:43: resource 2 [mem 0x47e80200000-0x47e803fffff 64bit pref]
[    0.720035] pci_bus 0000:44: resource 0 [io  0x6000-0x6fff]
[    0.720036] pci_bus 0000:44: resource 1 [mem 0xa4d00000-0xa4dfffff]
[    0.720037] pci_bus 0000:44: resource 2 [mem 0x47e80400000-0x47e805fffff 64bit pref]
[    0.720039] pci_bus 0000:45: resource 1 [mem 0xa4c00000-0xa4cfffff]
[    0.720040] pci_bus 0000:45: resource 2 [mem 0x47e80600000-0x47e807fffff 64bit pref]
[    0.720042] pci_bus 0000:46: resource 1 [mem 0xa4b00000-0xa4bfffff]
[    0.720043] pci_bus 0000:47: resource 1 [mem 0xa4800000-0xa4afffff]
[    0.720056] pci_bus 0000:80: max bus depth: 1 pci_try_num: 2
[    0.720059] pci 0000:80:01.1: BAR 15: assigned [mem 0x2bf40000000-0x2bf401fffff 64bit pref]
[    0.720061] pci 0000:80:01.2: BAR 15: assigned [mem 0x2bf40200000-0x2bf403fffff 64bit pref]
[    0.720063] pci 0000:80:01.1: BAR 13: assigned [io  0x7000-0x7fff]
[    0.720064] pci 0000:80:01.2: BAR 13: assigned [io  0x8000-0x8fff]
[    0.720066] pci 0000:80:01.1: PCI bridge to [bus 81]
[    0.720067] pci 0000:80:01.1:   bridge window [io  0x7000-0x7fff]
[    0.720071] pci 0000:80:01.1:   bridge window [mem 0xbf400000-0xbf7fffff]
[    0.720073] pci 0000:80:01.1:   bridge window [mem 0x2bf40000000-0x2bf401fffff 64bit pref]
[    0.720078] pci 0000:80:01.2: PCI bridge to [bus 82]
[    0.720080] pci 0000:80:01.2:   bridge window [io  0x8000-0x8fff]
[    0.720083] pci 0000:80:01.2:   bridge window [mem 0xbf000000-0xbf3fffff]
[    0.720085] pci 0000:80:01.2:   bridge window [mem 0x2bf40200000-0x2bf403fffff 64bit pref]
[    0.720090] pci 0000:80:07.1: PCI bridge to [bus 83]
[    0.720093] pci 0000:80:07.1:   bridge window [mem 0xbfa00000-0xbfafffff]
[    0.720098] pci 0000:80:08.1: PCI bridge to [bus 84]
[    0.720101] pci 0000:80:08.1:   bridge window [mem 0xbf900000-0xbf9fffff]
[    0.720106] pci 0000:80:08.2: PCI bridge to [bus 85]
[    0.720109] pci 0000:80:08.2:   bridge window [mem 0xbf800000-0xbf8fffff]
[    0.720113] pci_bus 0000:80: resource 4 [io  0x7000-0x9fff window]
[    0.720115] pci_bus 0000:80: resource 5 [mem 0xab000000-0xc5ffffff window]
[    0.720116] pci_bus 0000:80: resource 6 [mem 0x2bf40000000-0x47e7fffffff window]
[    0.720118] pci_bus 0000:81: resource 0 [io  0x7000-0x7fff]
[    0.720119] pci_bus 0000:81: resource 1 [mem 0xbf400000-0xbf7fffff]
[    0.720120] pci_bus 0000:81: resource 2 [mem 0x2bf40000000-0x2bf401fffff 64bit pref]
[    0.720122] pci_bus 0000:82: resource 0 [io  0x8000-0x8fff]
[    0.720123] pci_bus 0000:82: resource 1 [mem 0xbf000000-0xbf3fffff]
[    0.720124] pci_bus 0000:82: resource 2 [mem 0x2bf40200000-0x2bf403fffff 64bit pref]
[    0.720126] pci_bus 0000:83: resource 1 [mem 0xbfa00000-0xbfafffff]
[    0.720127] pci_bus 0000:84: resource 1 [mem 0xbf900000-0xbf9fffff]
[    0.720129] pci_bus 0000:85: resource 1 [mem 0xbf800000-0xbf8fffff]
[    0.720139] pci_bus 0000:c0: max bus depth: 2 pci_try_num: 3
[    0.720143] pci 0000:c0:01.1: BAR 14: assigned [mem 0xc9200000-0xc92fffff]
[    0.720145] pci 0000:c0:03.1: BAR 15: assigned [mem 0x10000000000-0x100001fffff 64bit pref]
[    0.720148] pci 0000:c0:03.2: BAR 15: assigned [mem 0x10000200000-0x100003fffff 64bit pref]
[    0.720150] pci 0000:c0:03.3: BAR 15: assigned [mem 0x10000400000-0x100005fffff 64bit pref]
[    0.720152] pci 0000:c0:03.4: BAR 15: assigned [mem 0x10000600000-0x100007fffff 64bit pref]
[    0.720154] pci 0000:c0:05.1: BAR 14: assigned [mem 0xc9300000-0xc93fffff]
[    0.720156] pci 0000:c0:03.1: BAR 13: assigned [io  0xa000-0xafff]
[    0.720157] pci 0000:c0:03.2: BAR 13: assigned [io  0xb000-0xbfff]
[    0.720158] pci 0000:c0:03.3: BAR 13: assigned [io  0xc000-0xcfff]
[    0.720160] pci 0000:c0:03.4: BAR 13: assigned [io  0xd000-0xdfff]
[    0.720162] pci 0000:c4:00.0: BAR 6: assigned [mem 0xc9200000-0xc927ffff pref]
[    0.720164] pci 0000:c4:00.1: BAR 6: assigned [mem 0xc9280000-0xc92fffff pref]
[    0.720165] pci 0000:c0:01.1: PCI bridge to [bus c4]
[    0.720168] pci 0000:c0:01.1:   bridge window [mem 0xc9200000-0xc92fffff]
[    0.720171] pci 0000:c0:01.1:   bridge window [mem 0xc7000000-0xc90fffff 64bit pref]
[    0.720175] pci 0000:c0:03.1: PCI bridge to [bus c5]
[    0.720176] pci 0000:c0:03.1:   bridge window [io  0xa000-0xafff]
[    0.720180] pci 0000:c0:03.1:   bridge window [mem 0xdb600000-0xdb9fffff]
[    0.720182] pci 0000:c0:03.1:   bridge window [mem 0x10000000000-0x100001fffff 64bit pref]
[    0.720187] pci 0000:c0:03.2: PCI bridge to [bus c6]
[    0.720188] pci 0000:c0:03.2:   bridge window [io  0xb000-0xbfff]
[    0.720192] pci 0000:c0:03.2:   bridge window [mem 0xdb200000-0xdb5fffff]
[    0.720194] pci 0000:c0:03.2:   bridge window [mem 0x10000200000-0x100003fffff 64bit pref]
[    0.720198] pci 0000:c0:03.3: PCI bridge to [bus c7]
[    0.720200] pci 0000:c0:03.3:   bridge window [io  0xc000-0xcfff]
[    0.720203] pci 0000:c0:03.3:   bridge window [mem 0xdae00000-0xdb1fffff]
[    0.720206] pci 0000:c0:03.3:   bridge window [mem 0x10000400000-0x100005fffff 64bit pref]
[    0.720210] pci 0000:c0:03.4: PCI bridge to [bus c8]
[    0.720212] pci 0000:c0:03.4:   bridge window [io  0xd000-0xdfff]
[    0.720215] pci 0000:c0:03.4:   bridge window [mem 0xdaa00000-0xdadfffff]
[    0.720218] pci 0000:c0:03.4:   bridge window [mem 0x10000600000-0x100007fffff 64bit pref]
[    0.720222] pci 0000:c1:00.0: BAR 6: assigned [mem 0xc9300000-0xc933ffff pref]
[    0.720224] pci 0000:c1:00.1: BAR 6: assigned [mem 0xc9340000-0xc937ffff pref]
[    0.720226] pci 0000:c0:05.1: PCI bridge to [bus c1]
[    0.720229] pci 0000:c0:05.1:   bridge window [mem 0xc9300000-0xc93fffff]
[    0.720231] pci 0000:c0:05.1:   bridge window [mem 0xc9100000-0xc91fffff 64bit pref]
[    0.720235] pci 0000:c2:00.0: PCI bridge to [bus c3]
[    0.720239] pci 0000:c2:00.0:   bridge window [mem 0xda000000-0xda8fffff]
[    0.720243] pci 0000:c2:00.0:   bridge window [mem 0xc6000000-0xc6ffffff 64bit pref]
[    0.720248] pci 0000:c0:05.2: PCI bridge to [bus c2-c3]
[    0.720251] pci 0000:c0:05.2:   bridge window [mem 0xda000000-0xda8fffff]
[    0.720254] pci 0000:c0:05.2:   bridge window [mem 0xc6000000-0xc6ffffff 64bit pref]
[    0.720258] pci 0000:c0:07.1: PCI bridge to [bus c9]
[    0.720261] pci 0000:c0:07.1:   bridge window [mem 0xdbb00000-0xdbbfffff]
[    0.720266] pci 0000:c0:08.1: PCI bridge to [bus ca]
[    0.720268] pci 0000:c0:08.1:   bridge window [mem 0xdba00000-0xdbafffff]
[    0.720273] pci_bus 0000:c0: resource 4 [io  0x03b0-0x03df window]
[    0.720274] pci_bus 0000:c0: resource 5 [mem 0x000a0000-0x000bffff window]
[    0.720276] pci_bus 0000:c0: resource 6 [io  0xa000-0xffff window]
[    0.720277] pci_bus 0000:c0: resource 7 [mem 0xc6000000-0xe0ffffff window]
[    0.720278] pci_bus 0000:c0: resource 8 [mem 0x10000000000-0x2bf3fffffff window]
[    0.720280] pci_bus 0000:c4: resource 1 [mem 0xc9200000-0xc92fffff]
[    0.720281] pci_bus 0000:c4: resource 2 [mem 0xc7000000-0xc90fffff 64bit pref]
[    0.720283] pci_bus 0000:c5: resource 0 [io  0xa000-0xafff]
[    0.720284] pci_bus 0000:c5: resource 1 [mem 0xdb600000-0xdb9fffff]
[    0.720286] pci_bus 0000:c5: resource 2 [mem 0x10000000000-0x100001fffff 64bit pref]
[    0.720287] pci_bus 0000:c6: resource 0 [io  0xb000-0xbfff]
[    0.720288] pci_bus 0000:c6: resource 1 [mem 0xdb200000-0xdb5fffff]
[    0.720290] pci_bus 0000:c6: resource 2 [mem 0x10000200000-0x100003fffff 64bit pref]
[    0.720291] pci_bus 0000:c7: resource 0 [io  0xc000-0xcfff]
[    0.720293] pci_bus 0000:c7: resource 1 [mem 0xdae00000-0xdb1fffff]
[    0.720294] pci_bus 0000:c7: resource 2 [mem 0x10000400000-0x100005fffff 64bit pref]
[    0.720296] pci_bus 0000:c8: resource 0 [io  0xd000-0xdfff]
[    0.720297] pci_bus 0000:c8: resource 1 [mem 0xdaa00000-0xdadfffff]
[    0.720298] pci_bus 0000:c8: resource 2 [mem 0x10000600000-0x100007fffff 64bit pref]
[    0.720300] pci_bus 0000:c1: resource 1 [mem 0xc9300000-0xc93fffff]
[    0.720301] pci_bus 0000:c1: resource 2 [mem 0xc9100000-0xc91fffff 64bit pref]
[    0.720303] pci_bus 0000:c2: resource 1 [mem 0xda000000-0xda8fffff]
[    0.720304] pci_bus 0000:c2: resource 2 [mem 0xc6000000-0xc6ffffff 64bit pref]
[    0.720305] pci_bus 0000:c3: resource 1 [mem 0xda000000-0xda8fffff]
[    0.720307] pci_bus 0000:c3: resource 2 [mem 0xc6000000-0xc6ffffff 64bit pref]
[    0.720308] pci_bus 0000:c9: resource 1 [mem 0xdbb00000-0xdbbfffff]
[    0.720310] pci_bus 0000:ca: resource 1 [mem 0xdba00000-0xdbafffff]
[    0.720589] pci 0000:c3:00.0: Video device with shadowed ROM at [mem 0x000c0000-0x000dffff]
[    0.720597] PCI: CLS 64 bytes, default 64
[    0.720608] pci 0000:c0:00.2: AMD-Vi: IOMMU performance counters supported
[    0.720625] pci 0000:80:00.2: AMD-Vi: IOMMU performance counters supported
[    0.720626] Unpacking initramfs...
[    0.720637] pci 0000:40:00.2: AMD-Vi: IOMMU performance counters supported
[    0.720646] pci 0000:00:00.2: AMD-Vi: IOMMU performance counters supported
[    0.720668] pci 0000:00:01.0: Adding to iommu group 0
[    0.720682] pci 0000:00:02.0: Adding to iommu group 1
[    0.720697] pci 0000:00:03.0: Adding to iommu group 2
[    0.720706] pci 0000:00:03.1: Adding to iommu group 3
[    0.720715] pci 0000:00:03.2: Adding to iommu group 4
[    0.720728] pci 0000:00:04.0: Adding to iommu group 5
[    0.720837] pci 0000:00:05.0: Adding to iommu group 6
[    0.720851] pci 0000:00:07.0: Adding to iommu group 7
[    0.720859] pci 0000:00:07.1: Adding to iommu group 8
[    0.720873] pci 0000:00:08.0: Adding to iommu group 9
[    0.720882] pci 0000:00:08.1: Adding to iommu group 10
[    0.720899] pci 0000:00:14.0: Adding to iommu group 11
[    0.720907] pci 0000:00:14.3: Adding to iommu group 11
[    0.720951] pci 0000:00:18.0: Adding to iommu group 12
[    0.720960] pci 0000:00:18.1: Adding to iommu group 12
[    0.720969] pci 0000:00:18.2: Adding to iommu group 12
[    0.720977] pci 0000:00:18.3: Adding to iommu group 12
[    0.720985] pci 0000:00:18.4: Adding to iommu group 12
[    0.720993] pci 0000:00:18.5: Adding to iommu group 12
[    0.721001] pci 0000:00:18.6: Adding to iommu group 12
[    0.721009] pci 0000:00:18.7: Adding to iommu group 12
[    0.721027] pci 0000:02:00.0: Adding to iommu group 13
[    0.721037] pci 0000:02:00.1: Adding to iommu group 13
[    0.721046] pci 0000:01:00.0: Adding to iommu group 14
[    0.721056] pci 0000:03:00.0: Adding to iommu group 15
[    0.721066] pci 0000:03:00.2: Adding to iommu group 16
[    0.721076] pci 0000:04:00.0: Adding to iommu group 17
[    0.721087] pci 0000:04:00.2: Adding to iommu group 18
[    0.721097] pci 0000:04:00.3: Adding to iommu group 19
[    0.721111] pci 0000:40:01.0: Adding to iommu group 20
[    0.721120] pci 0000:40:01.1: Adding to iommu group 21
[    0.721131] pci 0000:40:02.0: Adding to iommu group 22
[    0.721156] pci 0000:40:03.0: Adding to iommu group 23
[    0.721166] pci 0000:40:03.1: Adding to iommu group 23
[    0.721175] pci 0000:40:03.2: Adding to iommu group 23
[    0.721185] pci 0000:40:03.3: Adding to iommu group 24
[    0.721193] pci 0000:40:03.4: Adding to iommu group 25
[    0.721206] pci 0000:40:04.0: Adding to iommu group 26
[    0.721218] pci 0000:40:05.0: Adding to iommu group 27
[    0.721231] pci 0000:40:07.0: Adding to iommu group 28
[    0.721240] pci 0000:40:07.1: Adding to iommu group 29
[    0.721254] pci 0000:40:08.0: Adding to iommu group 30
[    0.721263] pci 0000:40:08.1: Adding to iommu group 31
[    0.721281] pci 0000:41:00.0: Adding to iommu group 32
[    0.721292] pci 0000:41:00.1: Adding to iommu group 32
[    0.721301] pci 0000:44:00.0: Adding to iommu group 33
[    0.721310] pci 0000:45:00.0: Adding to iommu group 34
[    0.721320] pci 0000:46:00.0: Adding to iommu group 35
[    0.721330] pci 0000:46:00.2: Adding to iommu group 36
[    0.721340] pci 0000:47:00.0: Adding to iommu group 37
[    0.721352] pci 0000:47:00.1: Adding to iommu group 38
[    0.721363] pci 0000:47:00.2: Adding to iommu group 39
[    0.721374] pci 0000:47:00.3: Adding to iommu group 40
[    0.721398] pci 0000:80:01.0: Adding to iommu group 41
[    0.721409] pci 0000:80:01.1: Adding to iommu group 41
[    0.721420] pci 0000:80:01.2: Adding to iommu group 41
[    0.721432] pci 0000:80:02.0: Adding to iommu group 42
[    0.721445] pci 0000:80:03.0: Adding to iommu group 43
[    0.721458] pci 0000:80:04.0: Adding to iommu group 44
[    0.721471] pci 0000:80:05.0: Adding to iommu group 45
[    0.721484] pci 0000:80:07.0: Adding to iommu group 46
[    0.721494] pci 0000:80:07.1: Adding to iommu group 47
[    0.721508] pci 0000:80:08.0: Adding to iommu group 48
[    0.721517] pci 0000:80:08.1: Adding to iommu group 49
[    0.721527] pci 0000:80:08.2: Adding to iommu group 50
[    0.721536] pci 0000:83:00.0: Adding to iommu group 51
[    0.721546] pci 0000:83:00.2: Adding to iommu group 52
[    0.721557] pci 0000:84:00.0: Adding to iommu group 53
[    0.721567] pci 0000:84:00.2: Adding to iommu group 54
[    0.721577] pci 0000:85:00.0: Adding to iommu group 55
[    0.721591] pci 0000:c0:01.0: Adding to iommu group 56
[    0.721600] pci 0000:c0:01.1: Adding to iommu group 57
[    0.721612] pci 0000:c0:02.0: Adding to iommu group 58
[    0.721646] pci 0000:c0:03.0: Adding to iommu group 59
[    0.721657] pci 0000:c0:03.1: Adding to iommu group 59
[    0.721669] pci 0000:c0:03.2: Adding to iommu group 59
[    0.721680] pci 0000:c0:03.3: Adding to iommu group 59
[    0.721692] pci 0000:c0:03.4: Adding to iommu group 59
[    0.721705] pci 0000:c0:04.0: Adding to iommu group 60
[    0.721726] pci 0000:c0:05.0: Adding to iommu group 61
[    0.721737] pci 0000:c0:05.1: Adding to iommu group 61
[    0.721747] pci 0000:c0:05.2: Adding to iommu group 61
[    0.721760] pci 0000:c0:07.0: Adding to iommu group 62
[    0.721770] pci 0000:c0:07.1: Adding to iommu group 63
[    0.721783] pci 0000:c0:08.0: Adding to iommu group 64
[    0.721792] pci 0000:c0:08.1: Adding to iommu group 65
[    0.721803] pci 0000:c4:00.0: Adding to iommu group 66
[    0.721814] pci 0000:c4:00.1: Adding to iommu group 67
[    0.721817] pci 0000:c1:00.0: Adding to iommu group 61
[    0.721820] pci 0000:c1:00.1: Adding to iommu group 61
[    0.721823] pci 0000:c2:00.0: Adding to iommu group 61
[    0.721826] pci 0000:c3:00.0: Adding to iommu group 61
[    0.721836] pci 0000:c9:00.0: Adding to iommu group 68
[    0.721846] pci 0000:c9:00.2: Adding to iommu group 69
[    0.721857] pci 0000:ca:00.0: Adding to iommu group 70
[    0.721867] pci 0000:ca:00.2: Adding to iommu group 71
[    0.728174] pci 0000:c0:00.2: AMD-Vi: Found IOMMU cap 0x40
[    0.728176] AMD-Vi: Extended features (0x59f77efa2094ade): PPR X2APIC NX GT IA GA PC
[    0.728181] pci 0000:80:00.2: AMD-Vi: Found IOMMU cap 0x40
[    0.728182] AMD-Vi: Extended features (0x59f77efa2094ade): PPR X2APIC NX GT IA GA PC
[    0.728185] pci 0000:40:00.2: AMD-Vi: Found IOMMU cap 0x40
[    0.728186] AMD-Vi: Extended features (0x59f77efa2094ade): PPR X2APIC NX GT IA GA PC
[    0.728189] pci 0000:00:00.2: AMD-Vi: Found IOMMU cap 0x40
[    0.728190] AMD-Vi: Extended features (0x59f77efa2094ade): PPR X2APIC NX GT IA GA PC
[    0.728192] AMD-Vi: Interrupt remapping enabled
[    0.728193] AMD-Vi: X2APIC enabled
[    0.728358] software IO TLB: tearing down default memory pool
[    0.790170] RAPL PMU: API unit is 2^-32 Joules, 1 fixed counters, 163840 ms ovfl timer
[    0.790172] RAPL PMU: hw unit of domain package 2^-16 Joules
[    0.790175] LVT offset 0 assigned for vector 0x400
[    0.790415] perf: AMD IBS detected (0x000003ff)
[    0.790420] amd_uncore: 4  amd_df counters detected
[    0.790425] amd_uncore: 6  amd_l3 counters detected
[    0.790934] perf/amd_iommu: Detected AMD IOMMU #0 (2 banks, 4 counters/bank).
[    0.790940] perf/amd_iommu: Detected AMD IOMMU #1 (2 banks, 4 counters/bank).
[    0.790944] perf/amd_iommu: Detected AMD IOMMU #2 (2 banks, 4 counters/bank).
[    0.790948] perf/amd_iommu: Detected AMD IOMMU #3 (2 banks, 4 counters/bank).
[    0.793085] cryptomgr_test (277) used greatest stack depth: 13760 bytes left
[    0.860657] Freeing initrd memory: 18120K
[    0.863205] Initialise system trusted keyrings
[    0.863228] workingset: timestamp_bits=36 max_order=26 bucket_order=0
[    0.863719] zbud: loaded
[    0.863832] DLM installed
[    0.863973] NFS: Registering the id_resolver key type
[    0.863976] Key type id_resolver registered
[    0.863978] Key type id_legacy registered
[    0.863986] nfs4filelayout_init: NFSv4 File Layout Driver Registering...
[    0.863989] nfs4flexfilelayout_init: NFSv4 Flexfile Layout Driver Registering...
[    0.863990] Installing knfsd (copyright (C) 1996 okir@monad.swb.de).
[    0.864208] Key type cifs.spnego registered
[    0.864210] Key type cifs.idmap registered
[    0.864226] fuse: init (API version 7.34)
[    0.864271] SGI XFS with ACLs, security attributes, realtime, quota, no debug enabled
[    0.864532] gfs2: GFS2 installed
[    0.867485] NET: Registered PF_ALG protocol family
[    0.867487] xor: automatically using best checksumming function   avx       
[    0.867494] async_tx: api initialized (async)
[    0.867496] Key type asymmetric registered
[    0.867497] Asymmetric key parser 'x509' registered
[    0.867505] Block layer SCSI generic (bsg) driver version 0.4 loaded (major 248)
[    0.867528] io scheduler mq-deadline registered
[    0.867530] io scheduler kyber registered
[    0.867758] atomic64_test: passed for x86-64 platform with CX8 and with SSE
[    0.867888] pcieport 0000:00:03.1: PME: Signaling with IRQ 30
[    0.867986] pcieport 0000:00:03.2: PME: Signaling with IRQ 31
[    0.868104] pcieport 0000:00:07.1: PME: Signaling with IRQ 33
[    0.868192] pcieport 0000:00:08.1: PME: Signaling with IRQ 34
[    0.868280] pcieport 0000:40:01.1: PME: Signaling with IRQ 35
[    0.868400] pcieport 0000:40:03.1: PME: Signaling with IRQ 36
[    0.868424] pcieport 0000:40:03.1: pciehp: Slot #167 AttnBtn- PwrCtrl- MRL- AttnInd- PwrInd- HotPlug+ Surprise+ Interlock- NoCompl+ IbPresDis- LLActRep+
[    0.868588] pcieport 0000:40:03.2: PME: Signaling with IRQ 37
[    0.868611] pcieport 0000:40:03.2: pciehp: Slot #166 AttnBtn- PwrCtrl- MRL- AttnInd- PwrInd- HotPlug+ Surprise+ Interlock- NoCompl+ IbPresDis- LLActRep+
[    0.868764] pcieport 0000:40:03.3: PME: Signaling with IRQ 38
[    0.868795] pcieport 0000:40:03.3: pciehp: Slot #169 AttnBtn- PwrCtrl- MRL- AttnInd- PwrInd- HotPlug+ Surprise+ Interlock- NoCompl+ IbPresDis- LLActRep+
[    0.868940] pcieport 0000:40:03.4: PME: Signaling with IRQ 39
[    0.868975] pcieport 0000:40:03.4: pciehp: Slot #168 AttnBtn- PwrCtrl- MRL- AttnInd- PwrInd- HotPlug+ Surprise+ Interlock- NoCompl+ IbPresDis- LLActRep+
[    0.869124] pcieport 0000:40:07.1: PME: Signaling with IRQ 41
[    0.869208] pcieport 0000:40:08.1: PME: Signaling with IRQ 42
[    0.869320] pcieport 0000:80:01.1: PME: Signaling with IRQ 43
[    0.869344] pcieport 0000:80:01.1: pciehp: Slot #160 AttnBtn- PwrCtrl- MRL- AttnInd- PwrInd- HotPlug+ Surprise+ Interlock- NoCompl+ IbPresDis- LLActRep+
[    0.869516] pcieport 0000:80:01.2: PME: Signaling with IRQ 44
[    0.869540] pcieport 0000:80:01.2: pciehp: Slot #161 AttnBtn- PwrCtrl- MRL- AttnInd- PwrInd- HotPlug+ Surprise+ Interlock- NoCompl+ IbPresDis- LLActRep+
[    0.869716] pcieport 0000:80:07.1: PME: Signaling with IRQ 46
[    0.869820] pcieport 0000:80:08.1: PME: Signaling with IRQ 48
[    0.869921] pcieport 0000:80:08.2: PME: Signaling with IRQ 49
[    0.870008] pcieport 0000:c0:01.1: PME: Signaling with IRQ 50
[    0.870121] pcieport 0000:c0:03.1: PME: Signaling with IRQ 51
[    0.870146] pcieport 0000:c0:03.1: pciehp: Slot #163 AttnBtn- PwrCtrl- MRL- AttnInd- PwrInd- HotPlug+ Surprise+ Interlock- NoCompl+ IbPresDis- LLActRep+
[    0.870314] pcieport 0000:c0:03.2: PME: Signaling with IRQ 52
[    0.870338] pcieport 0000:c0:03.2: pciehp: Slot #162 AttnBtn- PwrCtrl- MRL- AttnInd- PwrInd- HotPlug+ Surprise+ Interlock- NoCompl+ IbPresDis- LLActRep+
[    0.870509] pcieport 0000:c0:03.3: PME: Signaling with IRQ 53
[    0.870533] pcieport 0000:c0:03.3: pciehp: Slot #165 AttnBtn- PwrCtrl- MRL- AttnInd- PwrInd- HotPlug+ Surprise+ Interlock- NoCompl+ IbPresDis- LLActRep+
[    0.870696] pcieport 0000:c0:03.4: PME: Signaling with IRQ 54
[    0.870722] pcieport 0000:c0:03.4: pciehp: Slot #164 AttnBtn- PwrCtrl- MRL- AttnInd- PwrInd- HotPlug+ Surprise+ Interlock- NoCompl+ IbPresDis- LLActRep+
[    0.870868] pcieport 0000:c0:05.1: PME: Signaling with IRQ 55
[    0.870946] pcieport 0000:c0:05.2: PME: Signaling with IRQ 56
[    0.871052] pcieport 0000:c0:07.1: PME: Signaling with IRQ 58
[    0.871153] pcieport 0000:c0:08.1: PME: Signaling with IRQ 60
[    0.871250] shpchp: Standard Hot Plug PCI Controller Driver version: 0.4
[    0.871286] IPMI message handler: version 39.2
[    0.871298] ipmi device interface
[    0.871305] ipmi_si: IPMI System Interface driver
[    0.871309] ipmi_si dmi-ipmi-si.0: ipmi_platform: probing via SMBIOS
[    0.871311] ipmi_platform: ipmi_si: SMBIOS: io 0xca8 regsize 1 spacing 4 irq 10
[    0.871314] ipmi_si: Adding SMBIOS-specified kcs state machine
[    0.871327] ipmi_si IPI0001:00: ipmi_platform: probing via ACPI
[    0.871334] ipmi_si IPI0001:00: ipmi_platform: [io  0x0ca8] regsize 1 spacing 4 irq 10
[    0.871816] ipmi_si dmi-ipmi-si.0: Removing SMBIOS-specified kcs state machine in favor of ACPI
[    0.871818] ipmi_si: Adding ACPI-specified kcs state machine
[    0.871844] ipmi_si: Trying ACPI-specified kcs state machine at i/o address 0xca8, slave address 0x20, irq 10
[    0.980942] ipmi_si IPI0001:00: The BMC does not support setting the recv irq bit, compensating, but the BMC needs to be fixed.
[    1.000976] ipmi_si IPI0001:00: Using irq 10
[    1.037783] ipmi_si IPI0001:00: IPMI message handler: Found new BMC (man_id: 0x0002a2, prod_id: 0x0100, dev_id: 0x20)
[    1.082250] random: fast init done
[    1.114894] ipmi_si IPI0001:00: IPMI kcs interface initialized
[    1.114902] ipmi_ssif: IPMI SSIF Interface driver
[    1.115783] input: Power Button as /devices/LNXSYSTM:00/LNXSYBUS:00/PNP0C0C:00/input/input0
[    1.115796] ACPI: button: Power Button [PWRB]
[    1.115830] input: Power Button as /devices/LNXSYSTM:00/LNXPWRBN:00/input/input1
[    1.115849] ACPI: button: Power Button [PWRF]
[    1.117640] smpboot: Estimated ratio of average max frequency by base frequency (times 1024): 1148
[    1.117643] ACPI: processor limited to max C-state 1
[    1.117649] Monitor-Mwait will be used to enter C-1 state
[    1.117651] ACPI: \_SB_.C000: Found 2 idle states
[    1.117715] ACPI: \_SB_.C002: Found 2 idle states
[    1.117827] ACPI: \_SB_.C004: Found 2 idle states
[    1.117932] ACPI: \_SB_.C006: Found 2 idle states
[    1.118001] ACPI: \_SB_.C008: Found 2 idle states
[    1.118124] ACPI: \_SB_.C00A: Found 2 idle states
[    1.118250] ACPI: \_SB_.C00C: Found 2 idle states
[    1.118360] ACPI: \_SB_.C00E: Found 2 idle states
[    1.118419] ACPI: \_SB_.C010: Found 2 idle states
[    1.118502] ACPI: \_SB_.C012: Found 2 idle states
[    1.118586] ACPI: \_SB_.C014: Found 2 idle states
[    1.118671] ACPI: \_SB_.C016: Found 2 idle states
[    1.118727] ACPI: \_SB_.C018: Found 2 idle states
[    1.118807] ACPI: \_SB_.C01A: Found 2 idle states
[    1.118884] ACPI: \_SB_.C01C: Found 2 idle states
[    1.118952] ACPI: \_SB_.C01E: Found 2 idle states
[    1.119025] ACPI: \_SB_.C001: Found 2 idle states
[    1.119076] ACPI: \_SB_.C003: Found 2 idle states
[    1.119152] ACPI: \_SB_.C005: Found 2 idle states
[    1.119224] ACPI: \_SB_.C007: Found 2 idle states
[    1.119300] ACPI: \_SB_.C009: Found 2 idle states
[    1.119379] ACPI: \_SB_.C00B: Found 2 idle states
[    1.119458] ACPI: \_SB_.C00D: Found 2 idle states
[    1.119528] ACPI: \_SB_.C00F: Found 2 idle states
[    1.119585] ACPI: \_SB_.C011: Found 2 idle states
[    1.119658] ACPI: \_SB_.C013: Found 2 idle states
[    1.119736] ACPI: \_SB_.C015: Found 2 idle states
[    1.119803] ACPI: \_SB_.C017: Found 2 idle states
[    1.119857] ACPI: \_SB_.C019: Found 2 idle states
[    1.119946] ACPI: \_SB_.C01B: Found 2 idle states
[    1.120067] ACPI: \_SB_.C01D: Found 2 idle states
[    1.120116] ACPI: \_SB_.C01F: Found 2 idle states
[    1.120480] GHES: APEI firmware first mode is enabled by APEI bit and WHEA _OSC.
[    1.120524] ioatdma: Intel(R) QuickData Technology Driver 5.00
[    1.120566] Serial: 8250/16550 driver, 4 ports, IRQ sharing enabled
[    1.120622] 00:03: ttyS1 at I/O 0x2f8 (irq = 3, base_baud = 115200) is a 16550A
[    1.120686] 00:04: ttyS0 at I/O 0x3f8 (irq = 4, base_baud = 115200) is a 16550A
[    1.120954] Non-volatile memory driver v1.3
[    1.120973] Linux agpgart interface v0.103
[    1.121392] AMD-Vi: AMD IOMMUv2 driver by Joerg Roedel <jroedel@suse.de>
[    1.121449] [drm] amdgpu kernel modesetting enabled.
[    1.123651] loop: module loaded
[    1.123766] Loading iSCSI transport class v2.0-870.
[    1.123835] rdac: device handler registered
[    1.123853] hp_sw: device handler registered
[    1.123855] emc: device handler registered
[    1.123873] alua: device handler registered
[    1.123910] iscsi: registered transport (tcp)
[    1.123911] isci: Intel(R) C600 SAS Controller Driver - version 1.2.0
[    1.123922] Emulex LightPulse Fibre Channel SCSI driver 14.0.0.1
[    1.123923] Copyright (C) 2017-2021 Broadcom. All Rights Reserved. The term "Broadcom" refers to Broadcom Inc. and/or its subsidiaries.
[    1.123952] mpt3sas version 39.100.00.00 loaded
[    1.124048] mpt3sas_cm0: 63 BIT PCI BUS DMA ADDRESSING SUPPORTED, total mem (263349752 kB)
[    1.181248] mpt3sas_cm0: CurrentHostPageSize is 0: Setting default host page size to 4k
[    1.181265] mpt3sas_cm0: MSI-X vectors supported: 96
[    1.181267] 	 no of cores: 32, max_msix_vectors: -1
[    1.181268] mpt3sas_cm0:  0 32 32
[    1.182171] mpt3sas_cm0: High IOPs queues : disabled
[    1.182173] mpt3sas0-msix0: PCI-MSI-X enabled: IRQ 62
[    1.182175] mpt3sas0-msix1: PCI-MSI-X enabled: IRQ 63
[    1.182177] mpt3sas0-msix2: PCI-MSI-X enabled: IRQ 64
[    1.182180] mpt3sas0-msix3: PCI-MSI-X enabled: IRQ 65
[    1.182181] mpt3sas0-msix4: PCI-MSI-X enabled: IRQ 66
[    1.182183] mpt3sas0-msix5: PCI-MSI-X enabled: IRQ 67
[    1.182184] mpt3sas0-msix6: PCI-MSI-X enabled: IRQ 68
[    1.182186] mpt3sas0-msix7: PCI-MSI-X enabled: IRQ 69
[    1.182187] mpt3sas0-msix8: PCI-MSI-X enabled: IRQ 70
[    1.182189] mpt3sas0-msix9: PCI-MSI-X enabled: IRQ 71
[    1.182190] mpt3sas0-msix10: PCI-MSI-X enabled: IRQ 72
[    1.182192] mpt3sas0-msix11: PCI-MSI-X enabled: IRQ 73
[    1.182193] mpt3sas0-msix12: PCI-MSI-X enabled: IRQ 74
[    1.182195] mpt3sas0-msix13: PCI-MSI-X enabled: IRQ 75
[    1.182196] mpt3sas0-msix14: PCI-MSI-X enabled: IRQ 76
[    1.182198] mpt3sas0-msix15: PCI-MSI-X enabled: IRQ 77
[    1.182199] mpt3sas0-msix16: PCI-MSI-X enabled: IRQ 78
[    1.182201] mpt3sas0-msix17: PCI-MSI-X enabled: IRQ 79
[    1.182202] mpt3sas0-msix18: PCI-MSI-X enabled: IRQ 80
[    1.182204] mpt3sas0-msix19: PCI-MSI-X enabled: IRQ 81
[    1.182205] mpt3sas0-msix20: PCI-MSI-X enabled: IRQ 82
[    1.182207] mpt3sas0-msix21: PCI-MSI-X enabled: IRQ 83
[    1.182208] mpt3sas0-msix22: PCI-MSI-X enabled: IRQ 84
[    1.182210] mpt3sas0-msix23: PCI-MSI-X enabled: IRQ 85
[    1.182211] mpt3sas0-msix24: PCI-MSI-X enabled: IRQ 86
[    1.182213] mpt3sas0-msix25: PCI-MSI-X enabled: IRQ 87
[    1.182214] mpt3sas0-msix26: PCI-MSI-X enabled: IRQ 88
[    1.182216] mpt3sas0-msix27: PCI-MSI-X enabled: IRQ 89
[    1.182217] mpt3sas0-msix28: PCI-MSI-X enabled: IRQ 90
[    1.182219] mpt3sas0-msix29: PCI-MSI-X enabled: IRQ 91
[    1.182220] mpt3sas0-msix30: PCI-MSI-X enabled: IRQ 92
[    1.182222] mpt3sas0-msix31: PCI-MSI-X enabled: IRQ 93
[    1.182223] mpt3sas_cm0: iomem(0x00000000e2300000), mapped(0x00000000398fd68b), size(65536)
[    1.182227] mpt3sas_cm0: ioport(0x0000000000001000), size(256)
[    1.239962] mpt3sas_cm0: CurrentHostPageSize is 0: Setting default host page size to 4k
[    1.239964] mpt3sas_cm0: sending message unit reset !!
[    1.241470] mpt3sas_cm0: message unit reset: SUCCESS
[    1.269062] mpt3sas_cm0: scatter gather: sge_in_main_msg(1), sge_per_chain(7), sge_per_io(128), chains_per_io(19)
[    1.269747] mpt3sas_cm0: request pool(0x00000000f82c4d9f) - dma(0xff600000): depth(9700), frame_size(128), pool_size(1212 kB)
[    1.303959] mpt3sas_cm0: sense pool(0x000000004cc5a0bd) - dma(0xe0100000): depth(9463), element_size(96), pool_size (887 kB)
[    1.303962] mpt3sas_cm0: sense pool(0x000000004cc5a0bd)- dma(0xe0100000): depth(9463),element_size(96), pool_size(0 kB)
[    1.304072] mpt3sas_cm0: reply pool(0x000000001e301a4e) - dma(0xdfe00000): depth(9764), frame_size(128), pool_size(1220 kB)
[    1.304080] mpt3sas_cm0: config page(0x00000000f8b95937) - dma(0xdfdee000): size(512)
[    1.304082] mpt3sas_cm0: Allocated physical memory: size(30701 kB)
[    1.304083] mpt3sas_cm0: Current Controller Queue Depth(9460),Max Controller Queue Depth(9584)
[    1.304084] mpt3sas_cm0: Scatter Gather Elements per IO(128)
[    1.348606] mpt3sas_cm0: _base_display_fwpkg_version: complete
[    1.348608] mpt3sas_cm0: FW Package Ver(16.17.01.00)
[    1.348880] mpt3sas_cm0: LSISAS3008: FWVersion(16.00.11.00), ChipRevision(0x02), BiosVersion(18.00.03.00)
[    1.348884] mpt3sas_cm0: Protocol=(Initiator,Target), Capabilities=(TLR,EEDP,Snapshot Buffer,Diag Trace Buffer,Task Set Full,NCQ)
[    1.348939] scsi host0: Fusion MPT SAS Host
[    1.350010] mpt3sas_cm0: sending port enable !!
[    1.350045] VMware PVSCSI driver - version 1.0.7.0-k
[    1.350082] SCSI Media Changer driver v0.25 
[    1.350228] nvme nvme0: pci function 0000:44:00.0
[    1.350260] nvme nvme1: pci function 0000:45:00.0
[    1.350351] ahci 0000:85:00.0: version 3.0
[    1.350383] mpt3sas_cm0: hba_port entry: 00000000bc841de8, port: 255 is added to hba_port list
